Archive member included to satisfy reference by file (symbol)

F:\eclipse-workspace\CyTracker\Release/arduino.ar(Adafruit_USBD_CDC.cpp.o)
                              .\sloeber.ino.cpp.o (Adafruit_USBD_CDC::begin(unsigned long))
F:\eclipse-workspace\CyTracker\Release/arduino.ar(Adafruit_TinyUSB_SAMD.cpp.o)
                              F:\eclipse-workspace\CyTracker\Release/arduino.ar(Adafruit_USBD_CDC.cpp.o) (Adafruit_TinyUSB_Core_touch1200())
F:\eclipse-workspace\CyTracker\Release/arduino.ar(Print.cpp.o)
                              .\libraries\Adafruit_GPS\src\Adafruit_GPS.cpp.o (Print::write(unsigned char const*, unsigned int))
F:\eclipse-workspace\CyTracker\Release/arduino.ar(Reset.cpp.o)
                              F:\eclipse-workspace\CyTracker\Release/arduino.ar(Adafruit_TinyUSB_SAMD.cpp.o) (initiateReset)
F:\eclipse-workspace\CyTracker\Release/arduino.ar(SERCOM.cpp.o)
                              .\core\variant\variant.cpp.o (SERCOM::SERCOM(Sercom*))
F:\eclipse-workspace\CyTracker\Release/arduino.ar(Stream.cpp.o)
                              .\libraries\RadioHead\RH_E32.cpp.o (Stream::setTimeout(unsigned long))
F:\eclipse-workspace\CyTracker\Release/arduino.ar(Uart.cpp.o)
                              .\sloeber.ino.cpp.o (Uart::Uart(SERCOM*, unsigned char, unsigned char, SercomRXPad, SercomUartTXPad))
F:\eclipse-workspace\CyTracker\Release/arduino.ar(WInterrupts.c.o)
                              .\libraries\RadioHead\RH_CC110.cpp.o (attachInterrupt)
F:\eclipse-workspace\CyTracker\Release/arduino.ar(WMath.cpp.o)
                              .\libraries\RadioHead\RHGenericDriver.cpp.o (random(long, long))
F:\eclipse-workspace\CyTracker\Release/arduino.ar(WString.cpp.o)
                              F:\eclipse-workspace\CyTracker\Release/arduino.ar(Stream.cpp.o) (String::String(char const*))
F:\eclipse-workspace\CyTracker\Release/arduino.ar(abi.cpp.o)
                              .\libraries\RadioHead\RHGenericDriver.cpp.o (__cxa_pure_virtual)
F:\eclipse-workspace\CyTracker\Release/arduino.ar(cortex_handlers.c.o)
                              (Reset_Handler)
F:\eclipse-workspace\CyTracker\Release/arduino.ar(delay.c.o)
                              .\libraries\RadioHead\RHGenericDriver.cpp.o (millis)
F:\eclipse-workspace\CyTracker\Release/arduino.ar(hooks.c.o)
                              .\libraries\RadioHead\RHGenericDriver.cpp.o (yield)
F:\eclipse-workspace\CyTracker\Release/arduino.ar(itoa.c.o)
                              F:\eclipse-workspace\CyTracker\Release/arduino.ar(WString.cpp.o) (ltoa)
F:\eclipse-workspace\CyTracker\Release/arduino.ar(main.cpp.o)
                              f:/eclipse/arduinoplugin/packages/adafruit/tools/arm-none-eabi-gcc/9-2019q4/bin/../lib/gcc/arm-none-eabi/9.2.1/../../../../arm-none-eabi/lib/thumb/v7e-m+fp/hard/crt0.o (main)
F:\eclipse-workspace\CyTracker\Release/arduino.ar(new.cpp.o)
                              .\sloeber.ino.cpp.o (operator delete(void*))
F:\eclipse-workspace\CyTracker\Release/arduino.ar(startup.c.o)
                              F:\eclipse-workspace\CyTracker\Release/arduino.ar(cortex_handlers.c.o) (SystemInit)
F:\eclipse-workspace\CyTracker\Release/arduino.ar(wiring.c.o)
                              F:\eclipse-workspace\CyTracker\Release/arduino.ar(main.cpp.o) (init)
F:\eclipse-workspace\CyTracker\Release/arduino.ar(wiring_analog.c.o)
                              F:\eclipse-workspace\CyTracker\Release/arduino.ar(wiring.c.o) (analogReference)
F:\eclipse-workspace\CyTracker\Release/arduino.ar(wiring_digital.c.o)
                              .\sloeber.ino.cpp.o (pinMode)
F:\eclipse-workspace\CyTracker\Release/arduino.ar(wiring_private.c.o)
                              .\sloeber.ino.cpp.o (pinPeripheral)
F:\eclipse-workspace\CyTracker\Release/arduino.ar(dtostrf.c.o)
                              F:\eclipse-workspace\CyTracker\Release/arduino.ar(WString.cpp.o) (dtostrf)
F:\eclipse-workspace\CyTracker\Release/arduino.ar(dcd_samd.c.o)
                              F:\eclipse-workspace\CyTracker\Release/arduino.ar(Adafruit_TinyUSB_SAMD.cpp.o) (dcd_int_handler)
F:\eclipse-workspace\CyTracker\Release/arduino.ar(usbd.c.o)
                              F:\eclipse-workspace\CyTracker\Release/arduino.ar(dcd_samd.c.o) (dcd_event_bus_signal)
F:\eclipse-workspace\CyTracker\Release/arduino.ar(usbd_control.c.o)
                              F:\eclipse-workspace\CyTracker\Release/arduino.ar(usbd.c.o) (tud_control_status)
F:\eclipse-workspace\CyTracker\Release/arduino.ar(tusb_fifo.c.o)
                              F:\eclipse-workspace\CyTracker\Release/arduino.ar(usbd.c.o) (tu_fifo_read)
F:\eclipse-workspace\CyTracker\Release/arduino.ar(vendor_device.c.o)
                              F:\eclipse-workspace\CyTracker\Release/arduino.ar(usbd.c.o) (vendord_init)
F:\eclipse-workspace\CyTracker\Release/arduino.ar(msc_device.c.o)
                              F:\eclipse-workspace\CyTracker\Release/arduino.ar(usbd.c.o) (mscd_init)
[...]
Memory Configuration

Name             Origin             Length             Attributes
FLASH            0x00004000         0x0007c000         xr
RAM              0x20000000         0x00030000         xrw
*default*        0x00000000         0xffffffff

Linker script and memory map

LOAD f:/eclipse/arduinoplugin/packages/adafruit/tools/arm-none-eabi-gcc/9-2019q4/bin/../lib/gcc/arm-none-eabi/9.2.1/thumb/v7e-m+fp/hard/crti.o
LOAD f:/eclipse/arduinoplugin/packages/adafruit/tools/arm-none-eabi-gcc/9-2019q4/bin/../lib/gcc/arm-none-eabi/9.2.1/thumb/v7e-m+fp/hard/crtbegin.o
LOAD f:/eclipse/arduinoplugin/packages/adafruit/tools/arm-none-eabi-gcc/9-2019q4/bin/../lib/gcc/arm-none-eabi/9.2.1/../../../../arm-none-eabi/lib/thumb/v7e-m+fp/hard/crt0.o
LOAD .\sloeber.ino.cpp.o
LOAD .\libraries\Wire\Wire.cpp.o
LOAD .\libraries\SPI\SPI.cpp.o
LOAD .\libraries\RadioHead\RHCRC.cpp.o
LOAD .\libraries\RadioHead\RHDatagram.cpp.o
LOAD .\libraries\RadioHead\RHEncryptedDriver.cpp.o
LOAD .\libraries\RadioHead\RHGenericDriver.cpp.o
LOAD .\libraries\RadioHead\RHGenericSPI.cpp.o
LOAD .\libraries\RadioHead\RHHardwareSPI.cpp.o
LOAD .\libraries\RadioHead\RHMesh.cpp.o
LOAD .\libraries\RadioHead\RHNRFSPIDriver.cpp.o
LOAD .\libraries\RadioHead\RHReliableDatagram.cpp.o
LOAD .\libraries\RadioHead\RHRouter.cpp.o
LOAD .\libraries\RadioHead\RHSPIDriver.cpp.o
LOAD .\libraries\RadioHead\RHSoftwareSPI.cpp.o
LOAD .\libraries\RadioHead\RH_ABZ.cpp.o
LOAD .\libraries\RadioHead\RH_ASK.cpp.o
LOAD .\libraries\RadioHead\RH_CC110.cpp.o
LOAD .\libraries\RadioHead\RH_E32.cpp.o
LOAD .\libraries\RadioHead\RH_MRF89.cpp.o
LOAD .\libraries\RadioHead\RH_NRF24.cpp.o
LOAD .\libraries\RadioHead\RH_NRF51.cpp.o
LOAD .\libraries\RadioHead\RH_NRF905.cpp.o
LOAD .\libraries\RadioHead\RH_RF22.cpp.o
LOAD .\libraries\RadioHead\RH_RF24.cpp.o
LOAD .\libraries\RadioHead\RH_RF69.cpp.o
LOAD .\libraries\RadioHead\RH_RF95.cpp.o
LOAD .\libraries\RadioHead\RH_Serial.cpp.o
LOAD .\libraries\RadioHead\RH_TCP.cpp.o
LOAD .\libraries\Adafruit_ZeroDMA\Adafruit_ZeroDMA.cpp.o
LOAD .\libraries\Adafruit_SleepyDog\utility\WatchdogAVR.cpp.o
LOAD .\libraries\Adafruit_SleepyDog\utility\WatchdogKinetisK.cpp.o
LOAD .\libraries\Adafruit_SleepyDog\utility\WatchdogKinetisL.cpp.o
LOAD .\libraries\Adafruit_SleepyDog\utility\WatchdogNRF.cpp.o
LOAD .\libraries\Adafruit_SleepyDog\utility\WatchdogSAMD.cpp.o
LOAD .\libraries\Adafruit_SleepyDog\Adafruit_SleepyDog.cpp.o
LOAD .\libraries\Adafruit_GPS\src\Adafruit_GPS.cpp.o
LOAD .\libraries\Adafruit_GPS\src\NMEA_build.cpp.o
LOAD .\libraries\Adafruit_GPS\src\NMEA_data.cpp.o
LOAD .\libraries\Adafruit_GPS\src\NMEA_parse.cpp.o
LOAD .\core\variant\variant.cpp.o
START GROUP
LOAD F:\eclipse\arduinoPlugin\packages\adafruit\tools\CMSIS\5.4.0/CMSIS/Lib/GCC/\libarm_cortexM4lf_math.a
LOAD F:\eclipse-workspace\CyTracker\Release/arduino.ar
END GROUP
LOAD f:/eclipse/arduinoplugin/packages/adafruit/tools/arm-none-eabi-gcc/9-2019q4/bin/../lib/gcc/arm-none-eabi/9.2.1/../../../../arm-none-eabi/lib/thumb/v7e-m+fp/hard\libstdc++_nano.a
LOAD f:/eclipse/arduinoplugin/packages/adafruit/tools/arm-none-eabi-gcc/9-2019q4/bin/../lib/gcc/arm-none-eabi/9.2.1/../../../../arm-none-eabi/lib/thumb/v7e-m+fp/hard\libm.a
START GROUP
LOAD f:/eclipse/arduinoplugin/packages/adafruit/tools/arm-none-eabi-gcc/9-2019q4/bin/../lib/gcc/arm-none-eabi/9.2.1/thumb/v7e-m+fp/hard\libgcc.a
LOAD f:/eclipse/arduinoplugin/packages/adafruit/tools/arm-none-eabi-gcc/9-2019q4/bin/../lib/gcc/arm-none-eabi/9.2.1/../../../../arm-none-eabi/lib/thumb/v7e-m+fp/hard\libc_nano.a
END GROUP
START GROUP
LOAD f:/eclipse/arduinoplugin/packages/adafruit/tools/arm-none-eabi-gcc/9-2019q4/bin/../lib/gcc/arm-none-eabi/9.2.1/thumb/v7e-m+fp/hard\libgcc.a
LOAD f:/eclipse/arduinoplugin/packages/adafruit/tools/arm-none-eabi-gcc/9-2019q4/bin/../lib/gcc/arm-none-eabi/9.2.1/../../../../arm-none-eabi/lib/thumb/v7e-m+fp/hard\libc_nano.a
LOAD f:/eclipse/arduinoplugin/packages/adafruit/tools/arm-none-eabi-gcc/9-2019q4/bin/../lib/gcc/arm-none-eabi/9.2.1/../../../../arm-none-eabi/lib/thumb/v7e-m+fp/hard\libnosys.a
END GROUP
START GROUP
LOAD f:/eclipse/arduinoplugin/packages/adafruit/tools/arm-none-eabi-gcc/9-2019q4/bin/../lib/gcc/arm-none-eabi/9.2.1/thumb/v7e-m+fp/hard\libgcc.a
LOAD f:/eclipse/arduinoplugin/packages/adafruit/tools/arm-none-eabi-gcc/9-2019q4/bin/../lib/gcc/arm-none-eabi/9.2.1/../../../../arm-none-eabi/lib/thumb/v7e-m+fp/hard\libc_nano.a
LOAD f:/eclipse/arduinoplugin/packages/adafruit/tools/arm-none-eabi-gcc/9-2019q4/bin/../lib/gcc/arm-none-eabi/9.2.1/../../../../arm-none-eabi/lib/thumb/v7e-m+fp/hard\libnosys.a
END GROUP
LOAD f:/eclipse/arduinoplugin/packages/adafruit/tools/arm-none-eabi-gcc/9-2019q4/bin/../lib/gcc/arm-none-eabi/9.2.1/thumb/v7e-m+fp/hard/crtend.o
LOAD f:/eclipse/arduinoplugin/packages/adafruit/tools/arm-none-eabi-gcc/9-2019q4/bin/../lib/gcc/arm-none-eabi/9.2.1/thumb/v7e-m+fp/hard/crtn.o

.text           0x00004000     0xb1e8
                0x00004000                __text_start__ = .
 *(.sketch_boot)
                0x00004000                . = ALIGN (0x4000)
 *(.isr_vector)
 .isr_vector    0x00004000      0x264 F:\eclipse-workspace\CyTracker\Release/arduino.ar(cortex_handlers.c.o)
                0x00004000                exception_table
 *(.text*)
 .text          0x00004264       0x40 f:/eclipse/arduinoplugin/packages/adafruit/tools/arm-none-eabi-gcc/9-2019q4/bin/../lib/gcc/arm-none-eabi/9.2.1/thumb/v7e-m+fp/hard/crtbegin.o
 .text._ZN7RH_RF95D2Ev
                0x000042a4        0x2 .\sloeber.ino.cpp.o
                0x000042a4                RH_RF95::~RH_RF95()
                0x000042a4                RH_RF95::~RH_RF95()
 *fill*         0x000042a6        0x2 
 .text.SERCOM4_0_Handler
                0x000042a8        0xc .\sloeber.ino.cpp.o
                0x000042a8                SERCOM4_0_Handler
 .text.SERCOM4_1_Handler
                0x000042b4        0x4 .\sloeber.ino.cpp.o
                0x000042b4                SERCOM4_1_Handler
 .text.SERCOM4_3_Handler
                0x000042b8        0x4 .\sloeber.ino.cpp.o
                0x000042b8                SERCOM4_3_Handler
 .text._Z6appendPhhh
                0x000042bc       0x1a .\sloeber.ino.cpp.o
                0x000042bc                append(unsigned char*, unsigned char, unsigned char)
 *fill*         0x000042d6        0x2 
 .text.setup    0x000042d8      0x10c .\sloeber.ino.cpp.o
                0x000042d8                setup
 .text.loop     0x000043e4       0xfc .\sloeber.ino.cpp.o
                0x000043e4                loop
 .text._ZN7RH_RF95D0Ev
                0x000044e0        0xc .\sloeber.ino.cpp.o
                0x000044e0                RH_RF95::~RH_RF95()
 .text.startup._GLOBAL__sub_I_rf95
                0x000044ec       0x7c .\sloeber.ino.cpp.o
 .text.SERCOM4_2_Handler
                0x00004568       0x2c .\sloeber.ino.cpp.o
                0x00004568                SERCOM4_2_Handler
 .text._ZN5Print17availableForWriteEv
                0x00004594        0x4 .\libraries\Wire\Wire.cpp.o
                0x00004594                Print::availableForWrite()
 .text._ZN7TwoWire5writeEPKhj
                0x00004598       0x22 .\libraries\Wire\Wire.cpp.o
                0x00004598                TwoWire::write(unsigned char const*, unsigned int)
 .text._ZN7TwoWire5flushEv
                0x000045ba        0x2 .\libraries\Wire\Wire.cpp.o
                0x000045ba                TwoWire::flush()
 .text._ZN7TwoWire4peekEv
                0x000045bc       0x1a .\libraries\Wire\Wire.cpp.o
                0x000045bc                TwoWire::peek()
 .text._ZN7TwoWire9availableEv
                0x000045d6       0x12 .\libraries\Wire\Wire.cpp.o
                0x000045d6                TwoWire::available()
 .text._ZN7TwoWireC2EP6SERCOMhh
                0x000045e8       0x58 .\libraries\Wire\Wire.cpp.o
                0x000045e8                TwoWire::TwoWire(SERCOM*, unsigned char, unsigned char)
                0x000045e8                TwoWire::TwoWire(SERCOM*, unsigned char, unsigned char)
 .text._ZN7TwoWire5beginEv
                0x00004640       0x40 .\libraries\Wire\Wire.cpp.o
                0x00004640                TwoWire::begin()
 .text._ZN7TwoWire17beginTransmissionEh
                0x00004680       0x14 .\libraries\Wire\Wire.cpp.o
                0x00004680                TwoWire::beginTransmission(unsigned char)
 .text._ZN11RingBufferNILi256EE10store_charEh
                0x00004694       0x1c .\libraries\Wire\Wire.cpp.o
                0x00004694                RingBufferN<256>::store_char(unsigned char)
 .text._ZN7TwoWire5writeEh
                0x000046b0       0x26 .\libraries\Wire\Wire.cpp.o
                0x000046b0                TwoWire::write(unsigned char)
 .text._ZN11RingBufferNILi256EE9read_charEv
                0x000046d6       0x28 .\libraries\Wire\Wire.cpp.o
                0x000046d6                RingBufferN<256>::read_char()
 .text._ZN7TwoWire15endTransmissionEb
                0x000046fe       0x6a .\libraries\Wire\Wire.cpp.o
                0x000046fe                TwoWire::endTransmission(bool)
 .text._ZN7TwoWire15endTransmissionEv
                0x00004768        0x6 .\libraries\Wire\Wire.cpp.o
                0x00004768                TwoWire::endTransmission()
 .text._ZN7TwoWire4readEv
                0x0000476e        0xa .\libraries\Wire\Wire.cpp.o
                0x0000476e                TwoWire::read()
 .text._ZN7TwoWire9onServiceEv
                0x00004778      0x10e .\libraries\Wire\Wire.cpp.o
                0x00004778                TwoWire::onService()
 *fill*         0x00004886        0x2 
 .text.SERCOM2_0_Handler
                0x00004888        0xc .\libraries\Wire\Wire.cpp.o
                0x00004888                SERCOM2_0_Handler
 .text.SERCOM2_1_Handler
                0x00004894        0x4 .\libraries\Wire\Wire.cpp.o
                0x00004894                SERCOM2_1_Handler
 .text.SERCOM2_2_Handler
                0x00004898        0x4 .\libraries\Wire\Wire.cpp.o
                0x00004898                SERCOM2_2_Handler
 .text.SERCOM2_3_Handler
                0x0000489c        0x4 .\libraries\Wire\Wire.cpp.o
                0x0000489c                SERCOM2_3_Handler
 .text.startup._GLOBAL__sub_I__ZN7TwoWireC2EP6SERCOMhh
                0x000048a0       0x14 .\libraries\Wire\Wire.cpp.o
 .text._ZN8SPIClass11dmaCallbackEP16Adafruit_ZeroDMA
                0x000048b4       0x14 .\libraries\SPI\SPI.cpp.o
                0x000048b4                SPIClass::dmaCallback(Adafruit_ZeroDMA*)
 .text._ZN8SPIClassC2EP6SERCOMhhh14SercomSpiTXPad11SercomRXPad
                0x000048c8       0x64 .\libraries\SPI\SPI.cpp.o
                0x000048c8                SPIClass::SPIClass(SERCOM*, unsigned char, unsigned char, unsigned char, SercomSpiTXPad, SercomRXPad)
                0x000048c8                SPIClass::SPIClass(SERCOM*, unsigned char, unsigned char, unsigned char, SercomSpiTXPad, SercomRXPad)
 .text._ZN8SPIClass6configE11SPISettings
                0x0000492c       0x3a .\libraries\SPI\SPI.cpp.o
                0x0000492c                SPIClass::config(SPISettings)
 .text._ZN8SPIClass3endEv
                0x00004966       0x10 .\libraries\SPI\SPI.cpp.o
                0x00004966                SPIClass::end()
 *fill*         0x00004976        0x2 
 .text._ZN8SPIClass14usingInterruptEi
                0x00004978       0x44 .\libraries\SPI\SPI.cpp.o
                0x00004978                SPIClass::usingInterrupt(int)
 .text._ZN8SPIClass16beginTransactionE11SPISettings
                0x000049bc       0x3c .\libraries\SPI\SPI.cpp.o
                0x000049bc                SPIClass::beginTransaction(SPISettings)
 .text._ZN8SPIClass14endTransactionEv
                0x000049f8       0x20 .\libraries\SPI\SPI.cpp.o
                0x000049f8                SPIClass::endTransaction()
 .text._ZN8SPIClass8transferEh
                0x00004a18        0x6 .\libraries\SPI\SPI.cpp.o
                0x00004a18                SPIClass::transfer(unsigned char)
 .text._ZN8SPIClass15attachInterruptEv
                0x00004a1e        0x2 .\libraries\SPI\SPI.cpp.o
                0x00004a1e                SPIClass::attachInterrupt()
 .text._ZN8SPIClass15detachInterruptEv
                0x00004a20        0x2 .\libraries\SPI\SPI.cpp.o
                0x00004a20                SPIClass::detachInterrupt()
 *fill*         0x00004a22        0x2 
 .text._ZN8SPIClass15getDataRegisterEv
                0x00004a24       0x20 .\libraries\SPI\SPI.cpp.o
                0x00004a24                SPIClass::getDataRegister()
 .text._ZN8SPIClass13getDMAC_ID_TXEv
                0x00004a44       0x24 .\libraries\SPI\SPI.cpp.o
                0x00004a44                SPIClass::getDMAC_ID_TX()
 .text._ZN8SPIClass13getDMAC_ID_RXEv
                0x00004a68       0x24 .\libraries\SPI\SPI.cpp.o
                0x00004a68                SPIClass::getDMAC_ID_RX()
 .text._ZN8SPIClass11dmaAllocateEv
                0x00004a8c      0x120 .\libraries\SPI\SPI.cpp.o
                0x00004a8c                SPIClass::dmaAllocate()
 .text._ZN8SPIClass5beginEv
                0x00004bac       0x64 .\libraries\SPI\SPI.cpp.o
                0x00004bac                SPIClass::begin()
 .text.startup._GLOBAL__sub_I__ZN8SPIClassC2EP6SERCOMhhh14SercomSpiTXPad11SercomRXPad
                0x00004c10       0x38 .\libraries\SPI\SPI.cpp.o
 .text._ZN10RHDatagramC2ER15RHGenericDriverh
                0x00004c48        0x6 .\libraries\RadioHead\RHDatagram.cpp.o
                0x00004c48                RHDatagram::RHDatagram(RHGenericDriver&, unsigned char)
                0x00004c48                RHDatagram::RHDatagram(RHGenericDriver&, unsigned char)
 .text._ZN10RHDatagram9availableEv
                0x00004c4e        0x8 .\libraries\RadioHead\RHDatagram.cpp.o
                0x00004c4e                RHDatagram::available()
 .text._ZN10RHDatagram14waitPacketSentEv
                0x00004c56        0x8 .\libraries\RadioHead\RHDatagram.cpp.o
                0x00004c56                RHDatagram::waitPacketSent()
 .text._ZN10RHDatagram20waitAvailableTimeoutEt
                0x00004c5e        0x8 .\libraries\RadioHead\RHDatagram.cpp.o
                0x00004c5e                RHDatagram::waitAvailableTimeout(unsigned short)
 .text._ZN10RHDatagram11setHeaderToEh
                0x00004c66        0x8 .\libraries\RadioHead\RHDatagram.cpp.o
                0x00004c66                RHDatagram::setHeaderTo(unsigned char)
 .text._ZN10RHDatagram6sendtoEPhhh
                0x00004c6e       0x20 .\libraries\RadioHead\RHDatagram.cpp.o
                0x00004c6e                RHDatagram::sendto(unsigned char*, unsigned char, unsigned char)
 .text._ZN10RHDatagram11setHeaderIdEh
                0x00004c8e        0x8 .\libraries\RadioHead\RHDatagram.cpp.o
                0x00004c8e                RHDatagram::setHeaderId(unsigned char)
 .text._ZN10RHDatagram14setHeaderFlagsEhh
                0x00004c96        0x8 .\libraries\RadioHead\RHDatagram.cpp.o
                0x00004c96                RHDatagram::setHeaderFlags(unsigned char, unsigned char)
 .text._ZN10RHDatagram8headerToEv
                0x00004c9e        0x8 .\libraries\RadioHead\RHDatagram.cpp.o
                0x00004c9e                RHDatagram::headerTo()
 .text._ZN10RHDatagram10headerFromEv
                0x00004ca6        0x8 .\libraries\RadioHead\RHDatagram.cpp.o
                0x00004ca6                RHDatagram::headerFrom()
 .text._ZN10RHDatagram8headerIdEv
                0x00004cae        0x8 .\libraries\RadioHead\RHDatagram.cpp.o
                0x00004cae                RHDatagram::headerId()
 .text._ZN10RHDatagram11headerFlagsEv
                0x00004cb6        0x8 .\libraries\RadioHead\RHDatagram.cpp.o
                0x00004cb6                RHDatagram::headerFlags()
 .text._ZN10RHDatagram8recvfromEPhS0_S0_S0_S0_S0_
                0x00004cbe       0x54 .\libraries\RadioHead\RHDatagram.cpp.o
                0x00004cbe                RHDatagram::recvfrom(unsigned char*, unsigned char*, unsigned char*, unsigned char*, unsigned char*, unsigned char*)
 .text._ZN15RHGenericDriver4initEv
                0x00004d12        0x4 .\libraries\RadioHead\RHGenericDriver.cpp.o
                0x00004d12                RHGenericDriver::init()
 .text._ZN15RHGenericDriver15isChannelActiveEv
                0x00004d16        0x4 .\libraries\RadioHead\RHGenericDriver.cpp.o
                0x00004d16                RHGenericDriver::isChannelActive()
                0x00004d16                RHGenericDriver::sleep()
 .text._ZN15RHGenericDriver14setPromiscuousEb
                0x00004d1a        0x4 .\libraries\RadioHead\RHGenericDriver.cpp.o
                0x00004d1a                RHGenericDriver::setPromiscuous(bool)
 .text._ZN15RHGenericDriver14setThisAddressEh
                0x00004d1e        0x4 .\libraries\RadioHead\RHGenericDriver.cpp.o
                0x00004d1e                RHGenericDriver::setThisAddress(unsigned char)
 .text._ZN15RHGenericDriver11setHeaderToEh
                0x00004d22        0x4 .\libraries\RadioHead\RHGenericDriver.cpp.o
                0x00004d22                RHGenericDriver::setHeaderTo(unsigned char)
 .text._ZN15RHGenericDriver13setHeaderFromEh
                0x00004d26        0x4 .\libraries\RadioHead\RHGenericDriver.cpp.o
                0x00004d26                RHGenericDriver::setHeaderFrom(unsigned char)
 .text._ZN15RHGenericDriver11setHeaderIdEh
                0x00004d2a        0x4 .\libraries\RadioHead\RHGenericDriver.cpp.o
                0x00004d2a                RHGenericDriver::setHeaderId(unsigned char)
 .text._ZN15RHGenericDriver14setHeaderFlagsEhh
                0x00004d2e        0xc .\libraries\RadioHead\RHGenericDriver.cpp.o
                0x00004d2e                RHGenericDriver::setHeaderFlags(unsigned char, unsigned char)
 .text._ZN15RHGenericDriver8headerToEv
                0x00004d3a        0x4 .\libraries\RadioHead\RHGenericDriver.cpp.o
                0x00004d3a                RHGenericDriver::headerTo()
 .text._ZN15RHGenericDriver10headerFromEv
                0x00004d3e        0x4 .\libraries\RadioHead\RHGenericDriver.cpp.o
                0x00004d3e                RHGenericDriver::headerFrom()
 .text._ZN15RHGenericDriver8headerIdEv
                0x00004d42        0x4 .\libraries\RadioHead\RHGenericDriver.cpp.o
                0x00004d42                RHGenericDriver::headerId()
 .text._ZN15RHGenericDriver11headerFlagsEv
                0x00004d46        0x4 .\libraries\RadioHead\RHGenericDriver.cpp.o
                0x00004d46                RHGenericDriver::headerFlags()
 .text._ZN15RHGenericDriver8lastRssiEv
                0x00004d4a        0x6 .\libraries\RadioHead\RHGenericDriver.cpp.o
                0x00004d4a                RHGenericDriver::lastRssi()
 .text._ZN15RHGenericDriver4modeEv
                0x00004d50        0x4 .\libraries\RadioHead\RHGenericDriver.cpp.o
                0x00004d50                RHGenericDriver::mode()
 .text._ZN15RHGenericDriver7setModeENS_6RHModeE
                0x00004d54        0x4 .\libraries\RadioHead\RHGenericDriver.cpp.o
                0x00004d54                RHGenericDriver::setMode(RHGenericDriver::RHMode)
 .text._ZN15RHGenericDriver5rxBadEv
                0x00004d58        0x6 .\libraries\RadioHead\RHGenericDriver.cpp.o
                0x00004d58                RHGenericDriver::rxBad()
 .text._ZN15RHGenericDriver6rxGoodEv
                0x00004d5e        0x6 .\libraries\RadioHead\RHGenericDriver.cpp.o
                0x00004d5e                RHGenericDriver::rxGood()
 .text._ZN15RHGenericDriver6txGoodEv
                0x00004d64        0x6 .\libraries\RadioHead\RHGenericDriver.cpp.o
                0x00004d64                RHGenericDriver::txGood()
 .text._ZN15RHGenericDriver13waitAvailableEv
                0x00004d6a       0x16 .\libraries\RadioHead\RHGenericDriver.cpp.o
                0x00004d6a                RHGenericDriver::waitAvailable()
 .text._ZN15RHGenericDriver14waitPacketSentEv
                0x00004d80       0x14 .\libraries\RadioHead\RHGenericDriver.cpp.o
                0x00004d80                RHGenericDriver::waitPacketSent()
 .text._ZN15RHGenericDriver20waitAvailableTimeoutEt
                0x00004d94       0x2a .\libraries\RadioHead\RHGenericDriver.cpp.o
                0x00004d94                RHGenericDriver::waitAvailableTimeout(unsigned short)
 .text._ZN15RHGenericDriver14waitPacketSentEt
                0x00004dbe       0x2a .\libraries\RadioHead\RHGenericDriver.cpp.o
                0x00004dbe                RHGenericDriver::waitPacketSent(unsigned short)
 .text._ZN15RHGenericDriver7waitCADEv
                0x00004de8       0x3e .\libraries\RadioHead\RHGenericDriver.cpp.o
                0x00004de8                RHGenericDriver::waitCAD()
 *fill*         0x00004e26        0x2 
 .text._ZN15RHGenericDriverC2Ev
                0x00004e28       0x20 .\libraries\RadioHead\RHGenericDriver.cpp.o
                0x00004e28                RHGenericDriver::RHGenericDriver()
                0x00004e28                RHGenericDriver::RHGenericDriver()
 .text._ZN12RHGenericSPI15attachInterruptEv
                0x00004e48        0x2 .\libraries\RadioHead\RHGenericSPI.cpp.o
                0x00004e48                RHGenericSPI::attachInterrupt()
 .text._ZN12RHGenericSPI15detachInterruptEv
                0x00004e4a        0x2 .\libraries\RadioHead\RHGenericSPI.cpp.o
                0x00004e4a                RHGenericSPI::detachInterrupt()
 .text._ZN12RHGenericSPI16beginTransactionEv
                0x00004e4c        0x2 .\libraries\RadioHead\RHGenericSPI.cpp.o
                0x00004e4c                RHGenericSPI::beginTransaction()
 .text._ZN12RHGenericSPI14endTransactionEv
                0x00004e4e        0x2 .\libraries\RadioHead\RHGenericSPI.cpp.o
                0x00004e4e                RHGenericSPI::endTransaction()
 .text._ZN12RHGenericSPI14usingInterruptEh
                0x00004e50        0x2 .\libraries\RadioHead\RHGenericSPI.cpp.o
                0x00004e50                RHGenericSPI::usingInterrupt(unsigned char)
 .text._ZN12RHGenericSPI11setBitOrderENS_8BitOrderE
                0x00004e52        0x4 .\libraries\RadioHead\RHGenericSPI.cpp.o
                0x00004e52                RHGenericSPI::setBitOrder(RHGenericSPI::BitOrder)
 .text._ZN12RHGenericSPI11setDataModeENS_8DataModeE
                0x00004e56        0x4 .\libraries\RadioHead\RHGenericSPI.cpp.o
                0x00004e56                RHGenericSPI::setDataMode(RHGenericSPI::DataMode)
 .text._ZN12RHGenericSPI12setFrequencyENS_9FrequencyE
                0x00004e5a        0x4 .\libraries\RadioHead\RHGenericSPI.cpp.o
                0x00004e5a                RHGenericSPI::setFrequency(RHGenericSPI::Frequency)
 *fill*         0x00004e5e        0x2 
 .text._ZN12RHGenericSPIC2ENS_9FrequencyENS_8BitOrderENS_8DataModeE
                0x00004e60       0x14 .\libraries\RadioHead\RHGenericSPI.cpp.o
                0x00004e60                RHGenericSPI::RHGenericSPI(RHGenericSPI::Frequency, RHGenericSPI::BitOrder, RHGenericSPI::DataMode)
                0x00004e60                RHGenericSPI::RHGenericSPI(RHGenericSPI::Frequency, RHGenericSPI::BitOrder, RHGenericSPI::DataMode)
 .text._ZN13RHHardwareSPI8transferEh
                0x00004e74        0xc .\libraries\RadioHead\RHHardwareSPI.cpp.o
                0x00004e74                RHHardwareSPI::transfer(unsigned char)
 .text._ZN13RHHardwareSPI15attachInterruptEv
                0x00004e80        0xc .\libraries\RadioHead\RHHardwareSPI.cpp.o
                0x00004e80                RHHardwareSPI::attachInterrupt()
 .text._ZN13RHHardwareSPI15detachInterruptEv
                0x00004e8c        0xc .\libraries\RadioHead\RHHardwareSPI.cpp.o
                0x00004e8c                RHHardwareSPI::detachInterrupt()
 .text._ZN13RHHardwareSPI5beginEv
                0x00004e98       0x78 .\libraries\RadioHead\RHHardwareSPI.cpp.o
                0x00004e98                RHHardwareSPI::begin()
 .text._ZN13RHHardwareSPI3endEv
                0x00004f10        0xc .\libraries\RadioHead\RHHardwareSPI.cpp.o
                0x00004f10                RHHardwareSPI::end()
 .text._ZN13RHHardwareSPI16beginTransactionEv
                0x00004f1c       0x10 .\libraries\RadioHead\RHHardwareSPI.cpp.o
                0x00004f1c                RHHardwareSPI::beginTransaction()
 .text._ZN13RHHardwareSPI14endTransactionEv
                0x00004f2c        0xc .\libraries\RadioHead\RHHardwareSPI.cpp.o
                0x00004f2c                RHHardwareSPI::endTransaction()
 .text._ZN13RHHardwareSPI14usingInterruptEh
                0x00004f38        0xc .\libraries\RadioHead\RHHardwareSPI.cpp.o
                0x00004f38                RHHardwareSPI::usingInterrupt(unsigned char)
 .text._ZN13RHHardwareSPIC2EN12RHGenericSPI9FrequencyENS0_8BitOrderENS0_8DataModeE
                0x00004f44       0x20 .\libraries\RadioHead\RHHardwareSPI.cpp.o
                0x00004f44                RHHardwareSPI::RHHardwareSPI(RHGenericSPI::Frequency, RHGenericSPI::BitOrder, RHGenericSPI::DataMode)
                0x00004f44                RHHardwareSPI::RHHardwareSPI(RHGenericSPI::Frequency, RHGenericSPI::BitOrder, RHGenericSPI::DataMode)
 .text.startup._GLOBAL__sub_I_hardware_spi
                0x00004f64       0x10 .\libraries\RadioHead\RHHardwareSPI.cpp.o
 .text._ZN6RHMesh17isPhysicalAddressEPhh
                0x00004f74       0x14 .\libraries\RadioHead\RHMesh.cpp.o
                0x00004f74                RHMesh::isPhysicalAddress(unsigned char*, unsigned char)
 .text._ZN6RHMesh5doArpEh
                0x00004f88       0xa4 .\libraries\RadioHead\RHMesh.cpp.o
                0x00004f88                RHMesh::doArp(unsigned char)
 .text._ZN6RHMesh13peekAtMessageEPN8RHRouter13RoutedMessageEh
                0x0000502c       0x8c .\libraries\RadioHead\RHMesh.cpp.o
                0x0000502c                RHMesh::peekAtMessage(RHRouter::RoutedMessage*, unsigned char)
 .text._ZN6RHMeshC2ER15RHGenericDriverh
                0x000050b8       0x14 .\libraries\RadioHead\RHMesh.cpp.o
                0x000050b8                RHMesh::RHMesh(RHGenericDriver&, unsigned char)
                0x000050b8                RHMesh::RHMesh(RHGenericDriver&, unsigned char)
 .text._ZN6RHMesh10sendtoWaitEPhhhh
                0x000050cc       0x68 .\libraries\RadioHead\RHMesh.cpp.o
                0x000050cc                RHMesh::sendtoWait(unsigned char*, unsigned char, unsigned char, unsigned char)
 .text._ZN6RHMesh11recvfromAckEPhS0_S0_S0_S0_S0_S0_
                0x00005134      0x1a4 .\libraries\RadioHead\RHMesh.cpp.o
                0x00005134                RHMesh::recvfromAck(unsigned char*, unsigned char*, unsigned char*, unsigned char*, unsigned char*, unsigned char*, unsigned char*)
 .text._ZN6RHMesh18recvfromAckTimeoutEPhS0_tS0_S0_S0_S0_S0_
                0x000052d8       0x5a .\libraries\RadioHead\RHMesh.cpp.o
                0x000052d8                RHMesh::recvfromAckTimeout(unsigned char*, unsigned char*, unsigned short, unsigned char*, unsigned char*, unsigned char*, unsigned char*, unsigned char*)
 *fill*         0x00005332        0x2 
 .text._ZN6RHMesh5routeEPN8RHRouter13RoutedMessageEh
                0x00005334       0x68 .\libraries\RadioHead\RHMesh.cpp.o
                0x00005334                RHMesh::route(RHRouter::RoutedMessage*, unsigned char)
 .text._ZN18RHReliableDatagramC2ER15RHGenericDriverh
                0x0000539c       0x26 .\libraries\RadioHead\RHReliableDatagram.cpp.o
                0x0000539c                RHReliableDatagram::RHReliableDatagram(RHGenericDriver&, unsigned char)
                0x0000539c                RHReliableDatagram::RHReliableDatagram(RHGenericDriver&, unsigned char)
 .text._ZN18RHReliableDatagram11acknowledgeEhh
                0x000053c2       0x32 .\libraries\RadioHead\RHReliableDatagram.cpp.o
                0x000053c2                RHReliableDatagram::acknowledge(unsigned char, unsigned char)
 .text._ZN18RHReliableDatagram10sendtoWaitEPhhh
                0x000053f4      0x10a .\libraries\RadioHead\RHReliableDatagram.cpp.o
                0x000053f4                RHReliableDatagram::sendtoWait(unsigned char*, unsigned char, unsigned char)
 .text._ZN18RHReliableDatagram11recvfromAckEPhS0_S0_S0_S0_S0_
                0x000054fe       0xa0 .\libraries\RadioHead\RHReliableDatagram.cpp.o
                0x000054fe                RHReliableDatagram::recvfromAck(unsigned char*, unsigned char*, unsigned char*, unsigned char*, unsigned char*, unsigned char*)
 .text._ZN8RHRouter13peekAtMessageEPNS_13RoutedMessageEh
                0x0000559e        0x2 .\libraries\RadioHead\RHRouter.cpp.o
                0x0000559e                RHRouter::peekAtMessage(RHRouter::RoutedMessage*, unsigned char)
 .text._ZN8RHRouter10getRouteToEh
                0x000055a0       0x2e .\libraries\RadioHead\RHRouter.cpp.o
                0x000055a0                RHRouter::getRouteTo(unsigned char)
 .text._ZN8RHRouter5routeEPNS_13RoutedMessageEh
                0x000055ce       0x32 .\libraries\RadioHead\RHRouter.cpp.o
                0x000055ce                RHRouter::route(RHRouter::RoutedMessage*, unsigned char)
 .text._ZN8RHRouter11deleteRouteEh
                0x00005600       0x28 .\libraries\RadioHead\RHRouter.cpp.o
                0x00005600                RHRouter::deleteRoute(unsigned char)
 .text._ZN8RHRouter13deleteRouteToEh
                0x00005628       0x28 .\libraries\RadioHead\RHRouter.cpp.o
                0x00005628                RHRouter::deleteRouteTo(unsigned char)
 .text._ZN8RHRouter17retireOldestRouteEv
                0x00005650        0x6 .\libraries\RadioHead\RHRouter.cpp.o
                0x00005650                RHRouter::retireOldestRoute()
 .text._ZN8RHRouter10addRouteToEhhh
                0x00005656       0x6e .\libraries\RadioHead\RHRouter.cpp.o
                0x00005656                RHRouter::addRouteTo(unsigned char, unsigned char, unsigned char)
 .text._ZN8RHRouter17clearRoutingTableEv
                0x000056c4       0x12 .\libraries\RadioHead\RHRouter.cpp.o
                0x000056c4                RHRouter::clearRoutingTable()
 *fill*         0x000056d6        0x2 
 .text._ZN8RHRouterC2ER15RHGenericDriverh
                0x000056d8       0x24 .\libraries\RadioHead\RHRouter.cpp.o
                0x000056d8                RHRouter::RHRouter(RHGenericDriver&, unsigned char)
                0x000056d8                RHRouter::RHRouter(RHGenericDriver&, unsigned char)
 .text._ZN8RHRouter20sendtoFromSourceWaitEPhhhhh
                0x000056fc       0x6c .\libraries\RadioHead\RHRouter.cpp.o
                0x000056fc                RHRouter::sendtoFromSourceWait(unsigned char*, unsigned char, unsigned char, unsigned char, unsigned char)
 .text._ZN8RHRouter10sendtoWaitEPhhhh
                0x00005768       0x14 .\libraries\RadioHead\RHRouter.cpp.o
                0x00005768                RHRouter::sendtoWait(unsigned char*, unsigned char, unsigned char, unsigned char)
 .text._ZN8RHRouter11recvfromAckEPhS0_S0_S0_S0_S0_S0_
                0x0000577c       0xf0 .\libraries\RadioHead\RHRouter.cpp.o
                0x0000577c                RHRouter::recvfromAck(unsigned char*, unsigned char*, unsigned char*, unsigned char*, unsigned char*, unsigned char*, unsigned char*)
 .text._ZL12__iCliRetValv
                0x0000586c       0x12 .\libraries\RadioHead\RHSPIDriver.cpp.o
 .text._ZN11RHSPIDriver4initEv
                0x0000587e       0x2c .\libraries\RadioHead\RHSPIDriver.cpp.o
                0x0000587e                RHSPIDriver::init()
 .text._ZN11RHSPIDriver11selectSlaveEv
                0x000058aa        0xa .\libraries\RadioHead\RHSPIDriver.cpp.o
                0x000058aa                RHSPIDriver::selectSlave()
 .text._ZN11RHSPIDriver13deselectSlaveEv
                0x000058b4        0xa .\libraries\RadioHead\RHSPIDriver.cpp.o
                0x000058b4                RHSPIDriver::deselectSlave()
 .text._ZL10__iRestorePKm.isra.0
                0x000058be       0x1e .\libraries\RadioHead\RHSPIDriver.cpp.o
 .text._ZN11RHSPIDriverC2EhR12RHGenericSPI
                0x000058dc       0x20 .\libraries\RadioHead\RHSPIDriver.cpp.o
                0x000058dc                RHSPIDriver::RHSPIDriver(unsigned char, RHGenericSPI&)
                0x000058dc                RHSPIDriver::RHSPIDriver(unsigned char, RHGenericSPI&)
 .text._ZN11RHSPIDriver7spiReadEh
                0x000058fc       0x56 .\libraries\RadioHead\RHSPIDriver.cpp.o
                0x000058fc                RHSPIDriver::spiRead(unsigned char)
 .text._ZN11RHSPIDriver8spiWriteEhh
                0x00005952       0x58 .\libraries\RadioHead\RHSPIDriver.cpp.o
                0x00005952                RHSPIDriver::spiWrite(unsigned char, unsigned char)
 .text._ZN11RHSPIDriver12spiBurstReadEhPhh
                0x000059aa       0x6c .\libraries\RadioHead\RHSPIDriver.cpp.o
                0x000059aa                RHSPIDriver::spiBurstRead(unsigned char, unsigned char*, unsigned char)
 .text._ZN11RHSPIDriver13spiBurstWriteEhPKhh
                0x00005a16       0x6a .\libraries\RadioHead\RHSPIDriver.cpp.o
                0x00005a16                RHSPIDriver::spiBurstWrite(unsigned char, unsigned char const*, unsigned char)
 .text._ZN11RHSPIDriver17spiUsingInterruptEh
                0x00005a80        0x8 .\libraries\RadioHead\RHSPIDriver.cpp.o
                0x00005a80                RHSPIDriver::spiUsingInterrupt(unsigned char)
 .text._ZN7RH_RF9514modeWillChangeEN15RHGenericDriver6RHModeE
                0x00005a88        0x4 .\libraries\RadioHead\RH_RF95.cpp.o
                0x00005a88                RH_RF95::modeWillChange(RHGenericDriver::RHMode)
 .text._ZN7RH_RF9516maxMessageLengthEv
                0x00005a8c        0x4 .\libraries\RadioHead\RH_RF95.cpp.o
                0x00005a8c                RH_RF95::maxMessageLength()
 .text._ZN7RH_RF9515isChannelActiveEv
                0x00005a90       0x3c .\libraries\RadioHead\RH_RF95.cpp.o
                0x00005a90                RH_RF95::isChannelActive()
 .text._ZL10__iRestorePKm.isra.0
                0x00005acc       0x1e .\libraries\RadioHead\RH_RF95.cpp.o
 .text._ZN7RH_RF955sleepEv
                0x00005aea       0x26 .\libraries\RadioHead\RH_RF95.cpp.o
                0x00005aea                RH_RF95::sleep()
 .text._ZN7RH_RF95C2EhhR12RHGenericSPI
                0x00005b10       0x38 .\libraries\RadioHead\RH_RF95.cpp.o
                0x00005b10                RH_RF95::RH_RF95(unsigned char, unsigned char, RHGenericSPI&)
                0x00005b10                RH_RF95::RH_RF95(unsigned char, unsigned char, RHGenericSPI&)
 .text._ZN7RH_RF9513validateRxBufEv
                0x00005b48       0x42 .\libraries\RadioHead\RH_RF95.cpp.o
                0x00005b48                RH_RF95::validateRxBuf()
 .text._ZN7RH_RF9510clearRxBufEv
                0x00005b8a       0x22 .\libraries\RadioHead\RH_RF95.cpp.o
                0x00005b8a                RH_RF95::clearRxBuf()
 .text._ZN7RH_RF954recvEPhS0_
                0x00005bac       0x5c .\libraries\RadioHead\RH_RF95.cpp.o
                0x00005bac                RH_RF95::recv(unsigned char*, unsigned char*)
 .text._ZN7RH_RF9512setFrequencyEf
                0x00005c08       0x84 .\libraries\RadioHead\RH_RF95.cpp.o
                0x00005c08                RH_RF95::setFrequency(float)
 .text._ZN7RH_RF9511setModeIdleEv
                0x00005c8c       0x24 .\libraries\RadioHead\RH_RF95.cpp.o
                0x00005c8c                RH_RF95::setModeIdle()
 .text._ZN7RH_RF9515handleInterruptEv
                0x00005cb0      0x112 .\libraries\RadioHead\RH_RF95.cpp.o
                0x00005cb0                RH_RF95::handleInterrupt()
 *fill*         0x00005dc2        0x2 
 .text._ZN7RH_RF954isr0Ev
                0x00005dc4       0x10 .\libraries\RadioHead\RH_RF95.cpp.o
                0x00005dc4                RH_RF95::isr0()
 .text._ZN7RH_RF954isr1Ev
                0x00005dd4       0x10 .\libraries\RadioHead\RH_RF95.cpp.o
                0x00005dd4                RH_RF95::isr1()
 .text._ZN7RH_RF954isr2Ev
                0x00005de4       0x10 .\libraries\RadioHead\RH_RF95.cpp.o
                0x00005de4                RH_RF95::isr2()
 .text._ZN7RH_RF959setModeRxEv
                0x00005df4       0x2e .\libraries\RadioHead\RH_RF95.cpp.o
                0x00005df4                RH_RF95::setModeRx()
 .text._ZN7RH_RF959availableEv
                0x00005e22       0x1a .\libraries\RadioHead\RH_RF95.cpp.o
                0x00005e22                RH_RF95::available()
 .text._ZN7RH_RF959setModeTxEv
                0x00005e3c       0x2e .\libraries\RadioHead\RH_RF95.cpp.o
                0x00005e3c                RH_RF95::setModeTx()
 .text._ZN7RH_RF954sendEPKhh
                0x00005e6a       0x7e .\libraries\RadioHead\RH_RF95.cpp.o
                0x00005e6a                RH_RF95::send(unsigned char const*, unsigned char)
 .text._ZN7RH_RF9510setTxPowerEab
                0x00005ee8       0x62 .\libraries\RadioHead\RH_RF95.cpp.o
                0x00005ee8                RH_RF95::setTxPower(signed char, bool)
 .text._ZN7RH_RF9517setModemRegistersEPKNS_11ModemConfigE
                0x00005f4a       0x26 .\libraries\RadioHead\RH_RF95.cpp.o
                0x00005f4a                RH_RF95::setModemRegisters(RH_RF95::ModemConfig const*)
 .text._ZN7RH_RF9514setModemConfigENS_17ModemConfigChoiceE
                0x00005f70       0x30 .\libraries\RadioHead\RH_RF95.cpp.o
                0x00005f70                RH_RF95::setModemConfig(RH_RF95::ModemConfigChoice)
 .text._ZN7RH_RF9517setPreambleLengthEt
                0x00005fa0       0x1c .\libraries\RadioHead\RH_RF95.cpp.o
                0x00005fa0                RH_RF95::setPreambleLength(unsigned short)
 .text._ZN7RH_RF954initEv
                0x00005fbc       0xec .\libraries\RadioHead\RH_RF95.cpp.o
                0x00005fbc                RH_RF95::init()
 .text._ZL22cpu_irq_enter_criticalv
                0x000060a8       0x28 .\libraries\Adafruit_ZeroDMA\Adafruit_ZeroDMA.cpp.o
 .text._ZL22cpu_irq_leave_criticalv
                0x000060d0       0x28 .\libraries\Adafruit_ZeroDMA\Adafruit_ZeroDMA.cpp.o
 .text._ZN16Adafruit_ZeroDMAC2Ev
                0x000060f8       0x18 .\libraries\Adafruit_ZeroDMA\Adafruit_ZeroDMA.cpp.o
                0x000060f8                Adafruit_ZeroDMA::Adafruit_ZeroDMA()
                0x000060f8                Adafruit_ZeroDMA::Adafruit_ZeroDMA()
 .text._ZN16Adafruit_ZeroDMA11_IRQhandlerEh
                0x00006110       0x68 .\libraries\Adafruit_ZeroDMA\Adafruit_ZeroDMA.cpp.o
                0x00006110                Adafruit_ZeroDMA::_IRQhandler(unsigned char)
 .text.DMAC_0_Handler
                0x00006178       0x2c .\libraries\Adafruit_ZeroDMA\Adafruit_ZeroDMA.cpp.o
                0x00006178                DMAC_4_Handler
                0x00006178                DMAC_2_Handler
                0x00006178                DMAC_1_Handler
                0x00006178                DMAC_3_Handler
                0x00006178                DMAC_0_Handler
 .text._ZN16Adafruit_ZeroDMA8allocateEv
                0x000061a4      0x174 .\libraries\Adafruit_ZeroDMA\Adafruit_ZeroDMA.cpp.o
                0x000061a4                Adafruit_ZeroDMA::allocate()
 .text._ZN16Adafruit_ZeroDMA4freeEv
                0x00006318       0x80 .\libraries\Adafruit_ZeroDMA\Adafruit_ZeroDMA.cpp.o
                0x00006318                Adafruit_ZeroDMA::free()
 .text._ZN16Adafruit_ZeroDMA11setCallbackEPFvPS_E17dma_callback_type
                0x00006398        0x8 .\libraries\Adafruit_ZeroDMA\Adafruit_ZeroDMA.cpp.o
                0x00006398                Adafruit_ZeroDMA::setCallback(void (*)(Adafruit_ZeroDMA*), dma_callback_type)
 .text._ZN16Adafruit_ZeroDMA10setTriggerEh
                0x000063a0       0x30 .\libraries\Adafruit_ZeroDMA\Adafruit_ZeroDMA.cpp.o
                0x000063a0                Adafruit_ZeroDMA::setTrigger(unsigned char)
 .text._ZN16Adafruit_ZeroDMA9setActionE27dma_transfer_trigger_action
                0x000063d0       0x30 .\libraries\Adafruit_ZeroDMA\Adafruit_ZeroDMA.cpp.o
                0x000063d0                Adafruit_ZeroDMA::setAction(dma_transfer_trigger_action)
 .text._ZN16Adafruit_ZeroDMA13addDescriptorEPvS0_m13dma_beat_sizebbmb
                0x00006400      0x108 .\libraries\Adafruit_ZeroDMA\Adafruit_ZeroDMA.cpp.o
                0x00006400                Adafruit_ZeroDMA::addDescriptor(void*, void*, unsigned long, dma_beat_size, bool, bool, unsigned long, bool)
 .text.WDT_Handler
                0x00006508       0x20 .\libraries\Adafruit_SleepyDog\utility\WatchdogSAMD.cpp.o
                0x00006508                WDT_Handler
 .text.startup._GLOBAL__sub_I_Watchdog
                0x00006528        0xc .\libraries\Adafruit_SleepyDog\Adafruit_SleepyDog.cpp.o
 .text._ZN5Print5flushEv
                0x00006534        0x2 .\libraries\Adafruit_GPS\src\Adafruit_GPS.cpp.o
                0x00006534                Print::flush()
 *fill*         0x00006536        0x2 
 .text._ZN12Adafruit_GPSD2Ev
                0x00006538       0x20 .\libraries\Adafruit_GPS\src\Adafruit_GPS.cpp.o
                0x00006538                Adafruit_GPS::~Adafruit_GPS()
                0x00006538                Adafruit_GPS::~Adafruit_GPS()
 .text._ZN12Adafruit_GPSD0Ev
                0x00006558       0x12 .\libraries\Adafruit_GPS\src\Adafruit_GPS.cpp.o
                0x00006558                Adafruit_GPS::~Adafruit_GPS()
 .text._ZN12Adafruit_GPS5writeEh
                0x0000656a       0x90 .\libraries\Adafruit_GPS\src\Adafruit_GPS.cpp.o
                0x0000656a                Adafruit_GPS::write(unsigned char)
 .text._ZN12Adafruit_GPS5beginEm
                0x000065fa       0x7a .\libraries\Adafruit_GPS\src\Adafruit_GPS.cpp.o
                0x000065fa                Adafruit_GPS::begin(unsigned long)
 .text._ZN12Adafruit_GPS11common_initEv
                0x00006674       0x5e .\libraries\Adafruit_GPS\src\Adafruit_GPS.cpp.o
                0x00006674                Adafruit_GPS::common_init()
 *fill*         0x000066d2        0x2 
 .text._ZN12Adafruit_GPSC2EP14HardwareSerial
                0x000066d4      0x260 .\libraries\Adafruit_GPS\src\Adafruit_GPS.cpp.o
                0x000066d4                Adafruit_GPS::Adafruit_GPS(HardwareSerial*)
                0x000066d4                Adafruit_GPS::Adafruit_GPS(HardwareSerial*)
 .text._ZN12Adafruit_GPS11sendCommandEPKc
                0x00006934        0x4 .\libraries\Adafruit_GPS\src\Adafruit_GPS.cpp.o
                0x00006934                Adafruit_GPS::sendCommand(char const*)
 .text._ZN12Adafruit_GPS13initDataValueE12nmea_index_tPcS1_S1_m17nmea_value_type_t
                0x00006938       0x70 .\libraries\Adafruit_GPS\src\NMEA_data.cpp.o
                0x00006938                Adafruit_GPS::initDataValue(nmea_index_t, char*, char*, char*, unsigned long, nmea_value_type_t)
 .text._ZN12Adafruit_GPS9data_initEv
                0x000069a8      0x478 .\libraries\Adafruit_GPS\src\NMEA_data.cpp.o
                0x000069a8                Adafruit_GPS::data_init()
 .text._ZN12Adafruit_GPS13removeHistoryE12nmea_index_t
                0x00006e20       0x26 .\libraries\Adafruit_GPS\src\NMEA_data.cpp.o
                0x00006e20                Adafruit_GPS::removeHistory(nmea_index_t)
 *fill*         0x00006e46        0x2 
 .text.SERCOM5_0_Handler
                0x00006e48        0xc .\core\variant\variant.cpp.o
                0x00006e48                SERCOM5_0_Handler
 .text.SERCOM5_1_Handler
                0x00006e54        0x4 .\core\variant\variant.cpp.o
                0x00006e54                SERCOM5_1_Handler
 .text.SERCOM5_2_Handler
                0x00006e58        0x4 .\core\variant\variant.cpp.o
                0x00006e58                SERCOM5_2_Handler
 .text.SERCOM5_3_Handler
                0x00006e5c        0x4 .\core\variant\variant.cpp.o
                0x00006e5c                SERCOM5_3_Handler
 .text.startup._GLOBAL__sub_I_g_APinDescription
                0x00006e60       0x7c .\core\variant\variant.cpp.o
 .text._ZN17Adafruit_USBD_CDC13getDescriptorEhPht
                0x00006edc       0xe8 F:\eclipse-workspace\CyTracker\Release/arduino.ar(Adafruit_USBD_CDC.cpp.o)
                0x00006edc                Adafruit_USBD_CDC::getDescriptor(unsigned char, unsigned char*, unsigned short)
 .text._ZThn16_N17Adafruit_USBD_CDC13getDescriptorEhPht
                0x00006fc4        0x8 F:\eclipse-workspace\CyTracker\Release/arduino.ar(Adafruit_USBD_CDC.cpp.o)
                0x00006fc4                non-virtual thunk to Adafruit_USBD_CDC::getDescriptor(unsigned char, unsigned char*, unsigned short)
 .text._ZN17Adafruit_USBD_CDC5writeEh
                0x00006fcc       0x18 F:\eclipse-workspace\CyTracker\Release/arduino.ar(Adafruit_USBD_CDC.cpp.o)
                0x00006fcc                Adafruit_USBD_CDC::write(unsigned char)
 .text._ZN17Adafruit_USBD_CDC9availableEv
                0x00006fe4       0x14 F:\eclipse-workspace\CyTracker\Release/arduino.ar(Adafruit_USBD_CDC.cpp.o)
                0x00006fe4                Adafruit_USBD_CDC::available()
 .text._ZN17Adafruit_USBD_CDC5flushEv
                0x00006ff8        0x6 F:\eclipse-workspace\CyTracker\Release/arduino.ar(Adafruit_USBD_CDC.cpp.o)
                0x00006ff8                Adafruit_USBD_CDC::flush()
 .text._ZN17Adafruit_USBD_CDC17availableForWriteEv
                0x00006ffe        0x6 F:\eclipse-workspace\CyTracker\Release/arduino.ar(Adafruit_USBD_CDC.cpp.o)
                0x00006ffe                Adafruit_USBD_CDC::availableForWrite()
 .text._ZN17Adafruit_USBD_CDC4peekEv
                0x00007004       0x20 F:\eclipse-workspace\CyTracker\Release/arduino.ar(Adafruit_USBD_CDC.cpp.o)
                0x00007004                Adafruit_USBD_CDC::peek()
 .text._ZN17Adafruit_USBD_CDC4readEv
                0x00007024       0x20 F:\eclipse-workspace\CyTracker\Release/arduino.ar(Adafruit_USBD_CDC.cpp.o)
                0x00007024                Adafruit_USBD_CDC::read()
 .text._ZN17Adafruit_USBD_CDC5writeEPKhj
                0x00007044       0x2c F:\eclipse-workspace\CyTracker\Release/arduino.ar(Adafruit_USBD_CDC.cpp.o)
                0x00007044                Adafruit_USBD_CDC::write(unsigned char const*, unsigned int)
 .text._ZN17Adafruit_USBD_CDCC2Ev
                0x00007070       0x20 F:\eclipse-workspace\CyTracker\Release/arduino.ar(Adafruit_USBD_CDC.cpp.o)
                0x00007070                Adafruit_USBD_CDC::Adafruit_USBD_CDC()
                0x00007070                Adafruit_USBD_CDC::Adafruit_USBD_CDC()
 .text._ZN17Adafruit_USBD_CDC5beginEm
                0x00007090        0x2 F:\eclipse-workspace\CyTracker\Release/arduino.ar(Adafruit_USBD_CDC.cpp.o)
                0x00007090                Adafruit_USBD_CDC::begin(unsigned long)
 .text._ZN17Adafruit_USBD_CDCcvbEv
                0x00007092       0x14 F:\eclipse-workspace\CyTracker\Release/arduino.ar(Adafruit_USBD_CDC.cpp.o)
                0x00007092                Adafruit_USBD_CDC::operator bool()
 .text.tud_cdc_line_state_cb
                0x000070a6       0x1e F:\eclipse-workspace\CyTracker\Release/arduino.ar(Adafruit_USBD_CDC.cpp.o)
                0x000070a6                tud_cdc_line_state_cb
 .text.startup._GLOBAL__sub_I_Serial
                0x000070c4        0xc F:\eclipse-workspace\CyTracker\Release/arduino.ar(Adafruit_USBD_CDC.cpp.o)
 .text.USB_0_Handler
                0x000070d0        0x6 F:\eclipse-workspace\CyTracker\Release/arduino.ar(Adafruit_TinyUSB_SAMD.cpp.o)
                0x000070d0                USB_0_Handler
 .text.USB_1_Handler
                0x000070d6        0x4 F:\eclipse-workspace\CyTracker\Release/arduino.ar(Adafruit_TinyUSB_SAMD.cpp.o)
                0x000070d6                USB_1_Handler
 .text.USB_2_Handler
                0x000070da        0x4 F:\eclipse-workspace\CyTracker\Release/arduino.ar(Adafruit_TinyUSB_SAMD.cpp.o)
                0x000070da                USB_2_Handler
 .text.USB_3_Handler
                0x000070de        0x4 F:\eclipse-workspace\CyTracker\Release/arduino.ar(Adafruit_TinyUSB_SAMD.cpp.o)
                0x000070de                USB_3_Handler
 *fill*         0x000070e2        0x2 
 .text._Z26Adafruit_TinyUSB_Core_initv
                0x000070e4       0xe4 F:\eclipse-workspace\CyTracker\Release/arduino.ar(Adafruit_TinyUSB_SAMD.cpp.o)
                0x000070e4                Adafruit_TinyUSB_Core_init()
 .text._Z31Adafruit_TinyUSB_Core_touch1200v
                0x000071c8        0x6 F:\eclipse-workspace\CyTracker\Release/arduino.ar(Adafruit_TinyUSB_SAMD.cpp.o)
                0x000071c8                Adafruit_TinyUSB_Core_touch1200()
 *fill*         0x000071ce        0x2 
 .text._ZN20Adafruit_USBD_Device19getSerialDescriptorEPt
                0x000071d0       0x68 F:\eclipse-workspace\CyTracker\Release/arduino.ar(Adafruit_TinyUSB_SAMD.cpp.o)
                0x000071d0                Adafruit_USBD_Device::getSerialDescriptor(unsigned short*)
 .text._ZN5Print5writeEPKhj
                0x00007238       0x22 F:\eclipse-workspace\CyTracker\Release/arduino.ar(Print.cpp.o)
                0x00007238                Print::write(unsigned char const*, unsigned int)
 .text._ZN5Print5writeEPKc
                0x0000725a       0x24 F:\eclipse-workspace\CyTracker\Release/arduino.ar(Print.cpp.o)
                0x0000725a                Print::write(char const*)
 .text._ZN5Print5printEPKc
                0x0000727e        0x8 F:\eclipse-workspace\CyTracker\Release/arduino.ar(Print.cpp.o)
                0x0000727e                Print::print(char const*)
 .text._ZN5Print5printEc
                0x00007286        0x6 F:\eclipse-workspace\CyTracker\Release/arduino.ar(Print.cpp.o)
                0x00007286                Print::print(char)
 .text._ZN5Print7printlnEv
                0x0000728c       0x10 F:\eclipse-workspace\CyTracker\Release/arduino.ar(Print.cpp.o)
                0x0000728c                Print::println()
 .text._ZN5Print7printlnEPKc
                0x0000729c       0x14 F:\eclipse-workspace\CyTracker\Release/arduino.ar(Print.cpp.o)
                0x0000729c                Print::println(char const*)
 .text._ZN5Print11printNumberEmh
                0x000072b0       0x3c F:\eclipse-workspace\CyTracker\Release/arduino.ar(Print.cpp.o)
                0x000072b0                Print::printNumber(unsigned long, unsigned char)
 .text._ZN5Print5printEli
                0x000072ec       0x42 F:\eclipse-workspace\CyTracker\Release/arduino.ar(Print.cpp.o)
                0x000072ec                Print::print(long, int)
 .text._ZN5Print7printlnEii
                0x0000732e       0x14 F:\eclipse-workspace\CyTracker\Release/arduino.ar(Print.cpp.o)
                0x0000732e                Print::println(int, int)
 .text._ZN5Print5printEmi
                0x00007342       0x1a F:\eclipse-workspace\CyTracker\Release/arduino.ar(Print.cpp.o)
                0x00007342                Print::print(unsigned long, int)
 .text._ZN5Print5printEhi
                0x0000735c        0x4 F:\eclipse-workspace\CyTracker\Release/arduino.ar(Print.cpp.o)
                0x0000735c                Print::print(unsigned char, int)
 .text._ZN5Print10printFloatEdh
                0x00007360      0x170 F:\eclipse-workspace\CyTracker\Release/arduino.ar(Print.cpp.o)
                0x00007360                Print::printFloat(double, unsigned char)
 .text._ZN5Print7printlnEdi
                0x000074d0       0x16 F:\eclipse-workspace\CyTracker\Release/arduino.ar(Print.cpp.o)
                0x000074d0                Print::println(double, int)
 *fill*         0x000074e6        0x2 
 .text.initiateReset
                0x000074e8        0xc F:\eclipse-workspace\CyTracker\Release/arduino.ar(Reset.cpp.o)
                0x000074e8                initiateReset
 .text.tickReset
                0x000074f4       0x48 F:\eclipse-workspace\CyTracker\Release/arduino.ar(Reset.cpp.o)
                0x000074f4                tickReset
 .text._ZN6SERCOMC2EP6Sercom
                0x0000753c        0x8 F:\eclipse-workspace\CyTracker\Release/arduino.ar(SERCOM.cpp.o)
                0x0000753c                SERCOM::SERCOM(Sercom*)
                0x0000753c                SERCOM::SERCOM(Sercom*)
 .text._ZN6SERCOM9initFrameE18SercomUartCharSize15SercomDataOrder16SercomParityMode19SercomNumberStopBit
                0x00007544       0x38 F:\eclipse-workspace\CyTracker\Release/arduino.ar(SERCOM.cpp.o)
                0x00007544                SERCOM::initFrame(SercomUartCharSize, SercomDataOrder, SercomParityMode, SercomNumberStopBit)
 .text._ZN6SERCOM8initPadsE15SercomUartTXPad11SercomRXPad
                0x0000757c       0x24 F:\eclipse-workspace\CyTracker\Release/arduino.ar(SERCOM.cpp.o)
                0x0000757c                SERCOM::initPads(SercomUartTXPad, SercomRXPad)
 .text._ZN6SERCOM9resetUARTEv
                0x000075a0       0x1a F:\eclipse-workspace\CyTracker\Release/arduino.ar(SERCOM.cpp.o)
                0x000075a0                SERCOM::resetUART()
 .text._ZN6SERCOM10enableUARTEv
                0x000075ba       0x14 F:\eclipse-workspace\CyTracker\Release/arduino.ar(SERCOM.cpp.o)
                0x000075ba                SERCOM::enableUART()
 .text._ZN6SERCOM9flushUARTEv
                0x000075ce       0x14 F:\eclipse-workspace\CyTracker\Release/arduino.ar(SERCOM.cpp.o)
                0x000075ce                SERCOM::flushUART()
 .text._ZN6SERCOM15clearStatusUARTEv
                0x000075e2        0x8 F:\eclipse-workspace\CyTracker\Release/arduino.ar(SERCOM.cpp.o)
                0x000075e2                SERCOM::clearStatusUART()
 .text._ZN6SERCOM17availableDataUARTEv
                0x000075ea        0xa F:\eclipse-workspace\CyTracker\Release/arduino.ar(SERCOM.cpp.o)
                0x000075ea                SERCOM::availableDataUART()
 .text._ZN6SERCOM11isUARTErrorEv
                0x000075f4        0x8 F:\eclipse-workspace\CyTracker\Release/arduino.ar(SERCOM.cpp.o)
                0x000075f4                SERCOM::isUARTError()
 .text._ZN6SERCOM20acknowledgeUARTErrorEv
                0x000075fc        0xc F:\eclipse-workspace\CyTracker\Release/arduino.ar(SERCOM.cpp.o)
                0x000075fc                SERCOM::acknowledgeUARTError()
 .text._ZN6SERCOM16isFrameErrorUARTEv
                0x00007608        0xa F:\eclipse-workspace\CyTracker\Release/arduino.ar(SERCOM.cpp.o)
                0x00007608                SERCOM::isFrameErrorUART()
 .text._ZN6SERCOM19clearFrameErrorUARTEv
                0x00007612        0xc F:\eclipse-workspace\CyTracker\Release/arduino.ar(SERCOM.cpp.o)
                0x00007612                SERCOM::clearFrameErrorUART()
 .text._ZN6SERCOM23isDataRegisterEmptyUARTEv
                0x0000761e        0xa F:\eclipse-workspace\CyTracker\Release/arduino.ar(SERCOM.cpp.o)
                0x0000761e                SERCOM::isDataRegisterEmptyUART()
 .text._ZN6SERCOM12readDataUARTEv
                0x00007628        0x8 F:\eclipse-workspace\CyTracker\Release/arduino.ar(SERCOM.cpp.o)
                0x00007628                SERCOM::readDataUART()
 .text._ZN6SERCOM13writeDataUARTEh
                0x00007630        0xe F:\eclipse-workspace\CyTracker\Release/arduino.ar(SERCOM.cpp.o)
                0x00007630                SERCOM::writeDataUART(unsigned char)
 .text._ZN6SERCOM36enableDataRegisterEmptyInterruptUARTEv
                0x0000763e        0x8 F:\eclipse-workspace\CyTracker\Release/arduino.ar(SERCOM.cpp.o)
                0x0000763e                SERCOM::enableDataRegisterEmptyInterruptUART()
 .text._ZN6SERCOM37disableDataRegisterEmptyInterruptUARTEv
                0x00007646        0x8 F:\eclipse-workspace\CyTracker\Release/arduino.ar(SERCOM.cpp.o)
                0x00007646                SERCOM::disableDataRegisterEmptyInterruptUART()
 .text._ZN6SERCOM8resetSPIEv
                0x0000764e       0x1a F:\eclipse-workspace\CyTracker\Release/arduino.ar(SERCOM.cpp.o)
                0x0000764e                SERCOM::resetSPI()
 .text._ZN6SERCOM9enableSPIEv
                0x00007668       0x14 F:\eclipse-workspace\CyTracker\Release/arduino.ar(SERCOM.cpp.o)
                0x00007668                SERCOM::enableSPI()
 .text._ZN6SERCOM10disableSPIEv
                0x0000767c       0x16 F:\eclipse-workspace\CyTracker\Release/arduino.ar(SERCOM.cpp.o)
                0x0000767c                SERCOM::disableSPI()
 .text._ZN6SERCOM15transferDataSPIEh
                0x00007692       0x12 F:\eclipse-workspace\CyTracker\Release/arduino.ar(SERCOM.cpp.o)
                0x00007692                SERCOM::transferDataSPI(unsigned char)
 .text._ZN6SERCOM28calculateBaudrateSynchronousEm
                0x000076a4       0x14 F:\eclipse-workspace\CyTracker\Release/arduino.ar(SERCOM.cpp.o)
                0x000076a4                SERCOM::calculateBaudrateSynchronous(unsigned long)
 .text._ZN6SERCOM12initSPIClockE18SercomSpiClockModem
                0x000076b8       0x26 F:\eclipse-workspace\CyTracker\Release/arduino.ar(SERCOM.cpp.o)
                0x000076b8                SERCOM::initSPIClock(SercomSpiClockMode, unsigned long)
 .text._ZN6SERCOM9resetWIREEv
                0x000076de       0x1a F:\eclipse-workspace\CyTracker\Release/arduino.ar(SERCOM.cpp.o)
                0x000076de                SERCOM::resetWIRE()
 .text._ZN6SERCOM10enableWIREEv
                0x000076f8       0x26 F:\eclipse-workspace\CyTracker\Release/arduino.ar(SERCOM.cpp.o)
                0x000076f8                SERCOM::enableWIRE()
 .text._ZN6SERCOM18prepareNackBitWIREEv
                0x0000771e        0xe F:\eclipse-workspace\CyTracker\Release/arduino.ar(SERCOM.cpp.o)
                0x0000771e                SERCOM::prepareNackBitWIRE()
 .text._ZN6SERCOM17prepareAckBitWIREEv
                0x0000772c        0xe F:\eclipse-workspace\CyTracker\Release/arduino.ar(SERCOM.cpp.o)
                0x0000772c                SERCOM::prepareAckBitWIRE()
 .text._ZN6SERCOM22prepareCommandBitsWireEh
                0x0000773a       0x24 F:\eclipse-workspace\CyTracker\Release/arduino.ar(SERCOM.cpp.o)
                0x0000773a                SERCOM::prepareCommandBitsWire(unsigned char)
 .text._ZN6SERCOM21startTransmissionWIREEh23SercomWireReadWriteFlag
                0x0000775e       0x7a F:\eclipse-workspace\CyTracker\Release/arduino.ar(SERCOM.cpp.o)
                0x0000775e                SERCOM::startTransmissionWIRE(unsigned char, SercomWireReadWriteFlag)
 .text._ZN6SERCOM18sendDataMasterWIREEh
                0x000077d8       0x22 F:\eclipse-workspace\CyTracker\Release/arduino.ar(SERCOM.cpp.o)
                0x000077d8                SERCOM::sendDataMasterWIRE(unsigned char)
 .text._ZN6SERCOM17sendDataSlaveWIREEh
                0x000077fa       0x1c F:\eclipse-workspace\CyTracker\Release/arduino.ar(SERCOM.cpp.o)
                0x000077fa                SERCOM::sendDataSlaveWIRE(unsigned char)
 .text._ZN6SERCOM11isSlaveWIREEv
                0x00007816       0x10 F:\eclipse-workspace\CyTracker\Release/arduino.ar(SERCOM.cpp.o)
                0x00007816                SERCOM::isSlaveWIRE()
 .text._ZN6SERCOM15isDataReadyWIREEv
                0x00007826        0xa F:\eclipse-workspace\CyTracker\Release/arduino.ar(SERCOM.cpp.o)
                0x00007826                SERCOM::isDataReadyWIRE()
 .text._ZN6SERCOM18isStopDetectedWIREEv
                0x00007830        0xa F:\eclipse-workspace\CyTracker\Release/arduino.ar(SERCOM.cpp.o)
                0x00007830                SERCOM::isStopDetectedWIRE()
 .text._ZN6SERCOM21isRestartDetectedWIREEv
                0x0000783a        0xa F:\eclipse-workspace\CyTracker\Release/arduino.ar(SERCOM.cpp.o)
                0x0000783a                SERCOM::isRestartDetectedWIRE()
 .text._ZN6SERCOM14isAddressMatchEv
                0x00007844        0xa F:\eclipse-workspace\CyTracker\Release/arduino.ar(SERCOM.cpp.o)
                0x00007844                SERCOM::isAddressMatch()
 .text._ZN6SERCOM25isMasterReadOperationWIREEv
                0x0000784e        0xa F:\eclipse-workspace\CyTracker\Release/arduino.ar(SERCOM.cpp.o)
                0x0000784e                SERCOM::isMasterReadOperationWIRE()
 .text._ZN6SERCOM12readDataWIREEv
                0x00007858       0x18 F:\eclipse-workspace\CyTracker\Release/arduino.ar(SERCOM.cpp.o)
                0x00007858                SERCOM::readDataWIRE()
 .text._ZN6SERCOM14getSercomIndexEv
                0x00007870       0x58 F:\eclipse-workspace\CyTracker\Release/arduino.ar(SERCOM.cpp.o)
                0x00007870                SERCOM::getSercomIndex()
 .text._ZN6SERCOM14setClockSourceEa17SercomClockSourceb
                0x000078c8       0xb0 F:\eclipse-workspace\CyTracker\Release/arduino.ar(SERCOM.cpp.o)
                0x000078c8                SERCOM::setClockSource(signed char, SercomClockSource, bool)
 .text._ZN6SERCOM13initClockNVICEv
                0x00007978       0x9c F:\eclipse-workspace\CyTracker\Release/arduino.ar(SERCOM.cpp.o)
                0x00007978                SERCOM::initClockNVIC()
 .text._ZN6SERCOM8initUARTE14SercomUartMode20SercomUartSampleRatem
                0x00007a14       0x5c F:\eclipse-workspace\CyTracker\Release/arduino.ar(SERCOM.cpp.o)
                0x00007a14                SERCOM::initUART(SercomUartMode, SercomUartSampleRate, unsigned long)
 .text._ZN6SERCOM7initSPIE14SercomSpiTXPad11SercomRXPad17SercomSpiCharSize15SercomDataOrder
                0x00007a70       0x46 F:\eclipse-workspace\CyTracker\Release/arduino.ar(SERCOM.cpp.o)
                0x00007a70                SERCOM::initSPI(SercomSpiTXPad, SercomRXPad, SercomSpiCharSize, SercomDataOrder)
 *fill*         0x00007ab6        0x2 
 .text._ZN6SERCOM14initMasterWIREEm
                0x00007ab8       0x34 F:\eclipse-workspace\CyTracker\Release/arduino.ar(SERCOM.cpp.o)
                0x00007ab8                SERCOM::initMasterWIRE(unsigned long)
 .text._ZN4UartcvbEv
                0x00007aec        0x4 F:\eclipse-workspace\CyTracker\Release/arduino.ar(Uart.cpp.o)
                0x00007aec                Uart::operator bool()
 .text._ZN4Uart5beginEm
                0x00007af0        0xa F:\eclipse-workspace\CyTracker\Release/arduino.ar(Uart.cpp.o)
                0x00007af0                Uart::begin(unsigned long)
 .text._ZN4Uart4peekEv
                0x00007afa       0x1a F:\eclipse-workspace\CyTracker\Release/arduino.ar(Uart.cpp.o)
                0x00007afa                Uart::peek()
 .text._ZN4Uart3endEv
                0x00007b14       0x1e F:\eclipse-workspace\CyTracker\Release/arduino.ar(Uart.cpp.o)
                0x00007b14                Uart::end()
 .text._ZN4Uart15extractCharSizeEt
                0x00007b32       0x24 F:\eclipse-workspace\CyTracker\Release/arduino.ar(Uart.cpp.o)
                0x00007b32                Uart::extractCharSize(unsigned short)
 .text._ZN4Uart13extractParityEt
                0x00007b56       0x16 F:\eclipse-workspace\CyTracker\Release/arduino.ar(Uart.cpp.o)
                0x00007b56                Uart::extractParity(unsigned short)
 .text._ZN4Uart5beginEmt
                0x00007b6c       0xe0 F:\eclipse-workspace\CyTracker\Release/arduino.ar(Uart.cpp.o)
                0x00007b6c                Uart::begin(unsigned long, unsigned short)
 .text._ZN11RingBufferNILi350EEC2Ev
                0x00007c4c       0x1c F:\eclipse-workspace\CyTracker\Release/arduino.ar(Uart.cpp.o)
                0x00007c4c                RingBufferN<350>::RingBufferN()
                0x00007c4c                RingBufferN<350>::RingBufferN()
 .text._ZN4UartC2EP6SERCOMhh11SercomRXPad15SercomUartTXPad
                0x00007c68       0x54 F:\eclipse-workspace\CyTracker\Release/arduino.ar(Uart.cpp.o)
                0x00007c68                Uart::Uart(SERCOM*, unsigned char, unsigned char, SercomRXPad, SercomUartTXPad)
                0x00007c68                Uart::Uart(SERCOM*, unsigned char, unsigned char, SercomRXPad, SercomUartTXPad)
 .text._ZN11RingBufferNILi350EE9availableEv
                0x00007cbc       0x12 F:\eclipse-workspace\CyTracker\Release/arduino.ar(Uart.cpp.o)
                0x00007cbc                RingBufferN<350>::available()
 .text._ZN4Uart5flushEv
                0x00007cce       0x1c F:\eclipse-workspace\CyTracker\Release/arduino.ar(Uart.cpp.o)
                0x00007cce                Uart::flush()
 .text._ZN4Uart9availableEv
                0x00007cea        0xa F:\eclipse-workspace\CyTracker\Release/arduino.ar(Uart.cpp.o)
                0x00007cea                Uart::available()
 .text._ZN11RingBufferNILi350EE17availableForStoreEv
                0x00007cf4       0x2c F:\eclipse-workspace\CyTracker\Release/arduino.ar(Uart.cpp.o)
                0x00007cf4                RingBufferN<350>::availableForStore()
 .text._ZN4Uart17availableForWriteEv
                0x00007d20        0xc F:\eclipse-workspace\CyTracker\Release/arduino.ar(Uart.cpp.o)
                0x00007d20                Uart::availableForWrite()
 .text._ZN4Uart10IrqHandlerEv
                0x00007d2c       0xd8 F:\eclipse-workspace\CyTracker\Release/arduino.ar(Uart.cpp.o)
                0x00007d2c                Uart::IrqHandler()
 .text._ZN4Uart5writeEh
                0x00007e04       0xc0 F:\eclipse-workspace\CyTracker\Release/arduino.ar(Uart.cpp.o)
                0x00007e04                Uart::write(unsigned char)
 .text._ZN4Uart4readEv
                0x00007ec4       0x52 F:\eclipse-workspace\CyTracker\Release/arduino.ar(Uart.cpp.o)
                0x00007ec4                Uart::read()
 *fill*         0x00007f16        0x2 
 .text.attachInterrupt
                0x00007f18      0x1ac F:\eclipse-workspace\CyTracker\Release/arduino.ar(WInterrupts.c.o)
                0x00007f18                attachInterrupt
 .text.InterruptHandler
                0x000080c4       0x44 F:\eclipse-workspace\CyTracker\Release/arduino.ar(WInterrupts.c.o)
                0x000080c4                InterruptHandler
 .text.EIC_0_Handler
                0x00008108        0x6 F:\eclipse-workspace\CyTracker\Release/arduino.ar(WInterrupts.c.o)
                0x00008108                EIC_0_Handler
 .text.EIC_1_Handler
                0x0000810e        0x6 F:\eclipse-workspace\CyTracker\Release/arduino.ar(WInterrupts.c.o)
                0x0000810e                EIC_1_Handler
 .text.EIC_2_Handler
                0x00008114        0x6 F:\eclipse-workspace\CyTracker\Release/arduino.ar(WInterrupts.c.o)
                0x00008114                EIC_2_Handler
 .text.EIC_3_Handler
                0x0000811a        0x6 F:\eclipse-workspace\CyTracker\Release/arduino.ar(WInterrupts.c.o)
                0x0000811a                EIC_3_Handler
 .text.EIC_4_Handler
                0x00008120        0x6 F:\eclipse-workspace\CyTracker\Release/arduino.ar(WInterrupts.c.o)
                0x00008120                EIC_4_Handler
 .text.EIC_5_Handler
                0x00008126        0x6 F:\eclipse-workspace\CyTracker\Release/arduino.ar(WInterrupts.c.o)
                0x00008126                EIC_5_Handler
 .text.EIC_6_Handler
                0x0000812c        0x6 F:\eclipse-workspace\CyTracker\Release/arduino.ar(WInterrupts.c.o)
                0x0000812c                EIC_6_Handler
 .text.EIC_7_Handler
                0x00008132        0x6 F:\eclipse-workspace\CyTracker\Release/arduino.ar(WInterrupts.c.o)
                0x00008132                EIC_7_Handler
 .text.EIC_8_Handler
                0x00008138        0x6 F:\eclipse-workspace\CyTracker\Release/arduino.ar(WInterrupts.c.o)
                0x00008138                EIC_8_Handler
 .text.EIC_9_Handler
                0x0000813e        0x6 F:\eclipse-workspace\CyTracker\Release/arduino.ar(WInterrupts.c.o)
                0x0000813e                EIC_9_Handler
 .text.EIC_10_Handler
                0x00008144        0x6 F:\eclipse-workspace\CyTracker\Release/arduino.ar(WInterrupts.c.o)
                0x00008144                EIC_10_Handler
 .text.EIC_11_Handler
                0x0000814a        0x6 F:\eclipse-workspace\CyTracker\Release/arduino.ar(WInterrupts.c.o)
                0x0000814a                EIC_11_Handler
 .text.EIC_12_Handler
                0x00008150        0x6 F:\eclipse-workspace\CyTracker\Release/arduino.ar(WInterrupts.c.o)
                0x00008150                EIC_12_Handler
 .text.EIC_13_Handler
                0x00008156        0x6 F:\eclipse-workspace\CyTracker\Release/arduino.ar(WInterrupts.c.o)
                0x00008156                EIC_13_Handler
 .text.EIC_14_Handler
                0x0000815c        0x6 F:\eclipse-workspace\CyTracker\Release/arduino.ar(WInterrupts.c.o)
                0x0000815c                EIC_14_Handler
 .text.EIC_15_Handler
                0x00008162        0x6 F:\eclipse-workspace\CyTracker\Release/arduino.ar(WInterrupts.c.o)
                0x00008162                EIC_15_Handler
 .text._Z6randoml
                0x00008168       0x16 F:\eclipse-workspace\CyTracker\Release/arduino.ar(WMath.cpp.o)
                0x00008168                random(long)
 .text._Z6randomll
                0x0000817e       0x14 F:\eclipse-workspace\CyTracker\Release/arduino.ar(WMath.cpp.o)
                0x0000817e                random(long, long)
 .text.__cxa_pure_virtual
                0x00008192        0x2 F:\eclipse-workspace\CyTracker\Release/arduino.ar(abi.cpp.o)
                0x00008192                __cxa_pure_virtual
 .text.Dummy_Handler
                0x00008194        0x2 F:\eclipse-workspace\CyTracker\Release/arduino.ar(cortex_handlers.c.o)
                0x00008194                SERCOM0_2_Handler
                0x00008194                DebugMon_Handler
                0x00008194                EVSYS_0_Handler
                0x00008194                TCC1_3_Handler
                0x00008194                DAC_3_Handler
                0x00008194                TRNG_Handler
                0x00008194                HardFault_Handler
                0x00008194                PDEC_2_Handler
                0x00008194                AC_Handler
                0x00008194                SERCOM3_1_Handler
                0x00008194                TCC2_3_Handler
                0x00008194                SERCOM3_2_Handler
                0x00008194                PendSV_Handler
                0x00008194                NMI_Handler
                0x00008194                TC7_Handler
                0x00008194                ADC1_1_Handler
                0x00008194                EVSYS_3_Handler
                0x00008194                PDEC_0_Handler
                0x00008194                QSPI_Handler
                0x00008194                TCC0_0_Handler
                0x00008194                TAL_0_Handler
                0x00008194                DAC_2_Handler
                0x00008194                SERCOM0_0_Handler
                0x00008194                RTC_Handler
                0x00008194                UsageFault_Handler
                0x00008194                SERCOM0_3_Handler
                0x00008194                OSC32KCTRL_Handler
                0x00008194                TCC2_1_Handler
                0x00008194                SUPC_1_Handler
                0x00008194                TCC0_5_Handler
                0x00008194                TCC0_6_Handler
                0x00008194                SERCOM6_2_Handler
                0x00008194                EVSYS_1_Handler
                0x00008194                TCC1_4_Handler
                0x00008194                TC6_Handler
                0x00008194                CAN0_Handler
                0x00008194                SERCOM6_0_Handler
                0x00008194                TC4_Handler
                0x00008194                TC1_Handler
                0x00008194                OSCCTRL_4_Handler
                0x00008194                TCC4_2_Handler
                0x00008194                PAC_Handler
                0x00008194                TCC1_0_Handler
                0x00008194                OSCCTRL_0_Handler
                0x00008194                OSCCTRL_3_Handler
                0x00008194                TC3_Handler
                0x00008194                Dummy_Handler
                0x00008194                TCC3_0_Handler
                0x00008194                TCC2_2_Handler
                0x00008194                TCC1_1_Handler
                0x00008194                ADC0_0_Handler
                0x00008194                SERCOM0_1_Handler
                0x00008194                OSCCTRL_2_Handler
                0x00008194                ADC1_0_Handler
                0x00008194                TCC1_2_Handler
                0x00008194                SERCOM7_1_Handler
                0x00008194                PM_Handler
                0x00008194                SERCOM6_3_Handler
                0x00008194                DAC_4_Handler
                0x00008194                TCC3_2_Handler
                0x00008194                SERCOM7_0_Handler
                0x00008194                TCC0_2_Handler
                0x00008194                TCC4_0_Handler
                0x00008194                SERCOM7_3_Handler
                0x00008194                SDHC1_Handler
                0x00008194                SERCOM7_2_Handler
                0x00008194                CAN1_Handler
                0x00008194                TCC2_0_Handler
                0x00008194                PDEC_1_Handler
                0x00008194                MemManage_Handler
                0x00008194                TCC4_1_Handler
                0x00008194                SVC_Handler
                0x00008194                SERCOM6_1_Handler
                0x00008194                SDHC0_Handler
                0x00008194                SERCOM1_1_Handler
                0x00008194                I2S_Handler
                0x00008194                PCC_Handler
                0x00008194                DAC_0_Handler
                0x00008194                TCC0_1_Handler
                0x00008194                SERCOM1_3_Handler
                0x00008194                OSCCTRL_1_Handler
                0x00008194                SERCOM1_0_Handler
                0x00008194                PUKCC_Handler
                0x00008194                SERCOM1_2_Handler
                0x00008194                SERCOM3_0_Handler
                0x00008194                EVSYS_4_Handler
                0x00008194                NVMCTRL_1_Handler
                0x00008194                SERCOM3_3_Handler
                0x00008194                ADC0_1_Handler
                0x00008194                TCC3_1_Handler
                0x00008194                DAC_1_Handler
                0x00008194                NVMCTRL_0_Handler
                0x00008194                TAL_1_Handler
                0x00008194                MCLK_Handler
                0x00008194                EVSYS_2_Handler
                0x00008194                SUPC_0_Handler
                0x00008194                BusFault_Handler
                0x00008194                FREQM_Handler
                0x00008194                TC0_Handler
                0x00008194                TCC0_3_Handler
                0x00008194                TCC0_4_Handler
                0x00008194                RAMECC_Handler
                0x00008194                TC5_Handler
                0x00008194                AES_Handler
                0x00008194                ICM_Handler
 *fill*         0x00008196        0x2 
 .text.Reset_Handler
                0x00008198       0x80 F:\eclipse-workspace\CyTracker\Release/arduino.ar(cortex_handlers.c.o)
                0x00008198                Reset_Handler
 .text.SysTick_Handler
                0x00008218       0x12 F:\eclipse-workspace\CyTracker\Release/arduino.ar(cortex_handlers.c.o)
                0x00008218                SysTick_Handler
 *fill*         0x0000822a        0x2 
 .text.millis   0x0000822c        0xc F:\eclipse-workspace\CyTracker\Release/arduino.ar(delay.c.o)
                0x0000822c                millis
 .text.micros   0x00008238       0x58 F:\eclipse-workspace\CyTracker\Release/arduino.ar(delay.c.o)
                0x00008238                micros
 .text.delay    0x00008290       0x26 F:\eclipse-workspace\CyTracker\Release/arduino.ar(delay.c.o)
                0x00008290                delay
 *fill*         0x000082b6        0x2 
 .text.SysTick_DefaultHandler
                0x000082b8       0x10 F:\eclipse-workspace\CyTracker\Release/arduino.ar(delay.c.o)
                0x000082b8                SysTick_DefaultHandler
 .text.__false  0x000082c8        0x4 F:\eclipse-workspace\CyTracker\Release/arduino.ar(hooks.c.o)
                0x000082c8                sysTickHook
 .text._Z11initVariantv
                0x000082cc        0x2 F:\eclipse-workspace\CyTracker\Release/arduino.ar(main.cpp.o)
                0x000082cc                initVariant()
 .text.yield    0x000082ce       0x10 F:\eclipse-workspace\CyTracker\Release/arduino.ar(main.cpp.o)
                0x000082ce                yield
 *fill*         0x000082de        0x2 
 .text.startup.main
                0x000082e0       0x34 F:\eclipse-workspace\CyTracker\Release/arduino.ar(main.cpp.o)
                0x000082e0                main
 .text._ZdlPv   0x00008314        0x4 F:\eclipse-workspace\CyTracker\Release/arduino.ar(new.cpp.o)
                0x00008314                operator delete(void*)
 .text.SystemInit
                0x00008318      0x1f8 F:\eclipse-workspace\CyTracker\Release/arduino.ar(startup.c.o)
                0x00008318                SystemInit
 .text.init     0x00008510      0x11c F:\eclipse-workspace\CyTracker\Release/arduino.ar(wiring.c.o)
                0x00008510                init
 .text.analogReference
                0x0000862c       0xc8 F:\eclipse-workspace\CyTracker\Release/arduino.ar(wiring_analog.c.o)
                0x0000862c                analogReference
 .text.pinMode  0x000086f4       0x88 F:\eclipse-workspace\CyTracker\Release/arduino.ar(wiring_digital.c.o)
                0x000086f4                pinMode
 .text.digitalWrite
                0x0000877c       0x54 F:\eclipse-workspace\CyTracker\Release/arduino.ar(wiring_digital.c.o)
                0x0000877c                digitalWrite
 .text.pinPeripheral
                0x000087d0       0xb4 F:\eclipse-workspace\CyTracker\Release/arduino.ar(wiring_private.c.o)
                0x000087d0                pinPeripheral
 .text.dcd_init
                0x00008884       0x80 F:\eclipse-workspace\CyTracker\Release/arduino.ar(dcd_samd.c.o)
                0x00008884                dcd_init
 .text.dcd_int_enable
                0x00008904       0x20 F:\eclipse-workspace\CyTracker\Release/arduino.ar(dcd_samd.c.o)
                0x00008904                dcd_int_enable
 .text.dcd_int_disable
                0x00008924       0x48 F:\eclipse-workspace\CyTracker\Release/arduino.ar(dcd_samd.c.o)
                0x00008924                dcd_int_disable
 .text.dcd_edpt0_status_complete
                0x0000896c       0x3c F:\eclipse-workspace\CyTracker\Release/arduino.ar(dcd_samd.c.o)
                0x0000896c                dcd_edpt0_status_complete
 .text.dcd_edpt_open
                0x000089a8       0x88 F:\eclipse-workspace\CyTracker\Release/arduino.ar(dcd_samd.c.o)
                0x000089a8                dcd_edpt_open
 .text.dcd_edpt_xfer
                0x00008a30       0x9c F:\eclipse-workspace\CyTracker\Release/arduino.ar(dcd_samd.c.o)
                0x00008a30                dcd_edpt_xfer
 .text.dcd_set_address
                0x00008acc       0x18 F:\eclipse-workspace\CyTracker\Release/arduino.ar(dcd_samd.c.o)
                0x00008acc                dcd_set_address
 .text.dcd_edpt_stall
                0x00008ae4       0x1a F:\eclipse-workspace\CyTracker\Release/arduino.ar(dcd_samd.c.o)
                0x00008ae4                dcd_edpt_stall
 .text.dcd_edpt_clear_stall
                0x00008afe       0x1a F:\eclipse-workspace\CyTracker\Release/arduino.ar(dcd_samd.c.o)
                0x00008afe                dcd_edpt_clear_stall
 .text.maybe_transfer_complete
                0x00008b18       0x84 F:\eclipse-workspace\CyTracker\Release/arduino.ar(dcd_samd.c.o)
                0x00008b18                maybe_transfer_complete
 .text.dcd_int_handler
                0x00008b9c       0xcc F:\eclipse-workspace\CyTracker\Release/arduino.ar(dcd_samd.c.o)
                0x00008b9c                dcd_int_handler
 .text.get_driver
                0x00008c68       0x40 F:\eclipse-workspace\CyTracker\Release/arduino.ar(usbd.c.o)
 .text.usbd_reset
                0x00008ca8       0x54 F:\eclipse-workspace\CyTracker\Release/arduino.ar(usbd.c.o)
 .text.osal_queue_send
                0x00008cfc       0x44 F:\eclipse-workspace\CyTracker\Release/arduino.ar(usbd.c.o)
 .text.tud_mounted
                0x00008d40       0x10 F:\eclipse-workspace\CyTracker\Release/arduino.ar(usbd.c.o)
                0x00008d40                tud_mounted
 .text.tud_suspended
                0x00008d50       0x10 F:\eclipse-workspace\CyTracker\Release/arduino.ar(usbd.c.o)
                0x00008d50                tud_suspended
 .text.tud_init
                0x00008d60       0x68 F:\eclipse-workspace\CyTracker\Release/arduino.ar(usbd.c.o)
                0x00008d60                tud_init
 .text.dcd_event_handler
                0x00008dc8       0x6c F:\eclipse-workspace\CyTracker\Release/arduino.ar(usbd.c.o)
                0x00008dc8                dcd_event_handler
 .text.dcd_event_bus_signal
                0x00008e34       0x20 F:\eclipse-workspace\CyTracker\Release/arduino.ar(usbd.c.o)
                0x00008e34                dcd_event_bus_signal
 .text.dcd_event_setup_received
                0x00008e54       0x28 F:\eclipse-workspace\CyTracker\Release/arduino.ar(usbd.c.o)
                0x00008e54                dcd_event_setup_received
 .text.dcd_event_xfer_complete
                0x00008e7c       0x2a F:\eclipse-workspace\CyTracker\Release/arduino.ar(usbd.c.o)
                0x00008e7c                dcd_event_xfer_complete
 *fill*         0x00008ea6        0x2 
 .text.usbd_open_edpt_pair
                0x00008ea8       0x68 F:\eclipse-workspace\CyTracker\Release/arduino.ar(usbd.c.o)
                0x00008ea8                usbd_open_edpt_pair
 .text.usbd_edpt_open
                0x00008f10        0x4 F:\eclipse-workspace\CyTracker\Release/arduino.ar(usbd.c.o)
                0x00008f10                usbd_edpt_open
 .text.usbd_edpt_claim
                0x00008f14       0x34 F:\eclipse-workspace\CyTracker\Release/arduino.ar(usbd.c.o)
                0x00008f14                usbd_edpt_claim
 .text.usbd_edpt_release
                0x00008f48       0x34 F:\eclipse-workspace\CyTracker\Release/arduino.ar(usbd.c.o)
                0x00008f48                usbd_edpt_release
 .text.usbd_edpt_xfer
                0x00008f7c       0x5c F:\eclipse-workspace\CyTracker\Release/arduino.ar(usbd.c.o)
                0x00008f7c                usbd_edpt_xfer
 .text.usbd_edpt_busy
                0x00008fd8       0x1c F:\eclipse-workspace\CyTracker\Release/arduino.ar(usbd.c.o)
                0x00008fd8                usbd_edpt_busy
 .text.usbd_edpt_stall
                0x00008ff4       0x34 F:\eclipse-workspace\CyTracker\Release/arduino.ar(usbd.c.o)
                0x00008ff4                usbd_edpt_stall
 .text.usbd_edpt_clear_stall
                0x00009028       0x34 F:\eclipse-workspace\CyTracker\Release/arduino.ar(usbd.c.o)
                0x00009028                usbd_edpt_clear_stall
 .text.tud_task
                0x0000905c      0x58c F:\eclipse-workspace\CyTracker\Release/arduino.ar(usbd.c.o)
                0x0000905c                tud_task
 .text.usbd_edpt_stalled
                0x000095e8       0x1c F:\eclipse-workspace\CyTracker\Release/arduino.ar(usbd.c.o)
                0x000095e8                usbd_edpt_stalled
 .text._data_stage_xact
                0x00009604       0x5c F:\eclipse-workspace\CyTracker\Release/arduino.ar(usbd_control.c.o)
 .text.tud_control_status
                0x00009660       0x30 F:\eclipse-workspace\CyTracker\Release/arduino.ar(usbd_control.c.o)
                0x00009660                tud_control_status
 .text.tud_control_xfer
                0x00009690       0x70 F:\eclipse-workspace\CyTracker\Release/arduino.ar(usbd_control.c.o)
                0x00009690                tud_control_xfer
 .text.usbd_control_reset
                0x00009700       0x10 F:\eclipse-workspace\CyTracker\Release/arduino.ar(usbd_control.c.o)
                0x00009700                usbd_control_reset
 .text.usbd_control_set_complete_callback
                0x00009710        0xc F:\eclipse-workspace\CyTracker\Release/arduino.ar(usbd_control.c.o)
                0x00009710                usbd_control_set_complete_callback
 .text.usbd_control_set_request
                0x0000971c       0x1c F:\eclipse-workspace\CyTracker\Release/arduino.ar(usbd_control.c.o)
                0x0000971c                usbd_control_set_request
 .text.usbd_control_xfer_cb
                0x00009738       0xc4 F:\eclipse-workspace\CyTracker\Release/arduino.ar(usbd_control.c.o)
                0x00009738                usbd_control_xfer_cb
 .text._ff_pull
                0x000097fc       0x38 F:\eclipse-workspace\CyTracker\Release/arduino.ar(tusb_fifo.c.o)
 .text._ff_push
                0x00009834       0x48 F:\eclipse-workspace\CyTracker\Release/arduino.ar(tusb_fifo.c.o)
 .text.tu_fifo_config
                0x0000987c       0x18 F:\eclipse-workspace\CyTracker\Release/arduino.ar(tusb_fifo.c.o)
                0x0000987c                tu_fifo_config
 .text.tu_fifo_read
                0x00009894       0x16 F:\eclipse-workspace\CyTracker\Release/arduino.ar(tusb_fifo.c.o)
                0x00009894                tu_fifo_read
 .text.tu_fifo_read_n
                0x000098aa       0x5e F:\eclipse-workspace\CyTracker\Release/arduino.ar(tusb_fifo.c.o)
                0x000098aa                tu_fifo_read_n
 .text.tu_fifo_peek_at
                0x00009908       0x36 F:\eclipse-workspace\CyTracker\Release/arduino.ar(tusb_fifo.c.o)
                0x00009908                tu_fifo_peek_at
 .text.tu_fifo_write
                0x0000993e       0x1c F:\eclipse-workspace\CyTracker\Release/arduino.ar(tusb_fifo.c.o)
                0x0000993e                tu_fifo_write
 .text.tu_fifo_write_n
                0x0000995a       0x7c F:\eclipse-workspace\CyTracker\Release/arduino.ar(tusb_fifo.c.o)
                0x0000995a                tu_fifo_write_n
 .text.tu_fifo_clear
                0x000099d6        0xc F:\eclipse-workspace\CyTracker\Release/arduino.ar(tusb_fifo.c.o)
                0x000099d6                tu_fifo_clear
 .text._prep_out_transaction
                0x000099e2       0x2c F:\eclipse-workspace\CyTracker\Release/arduino.ar(vendor_device.c.o)
 *fill*         0x00009a0e        0x2 
 .text.maybe_transmit
                0x00009a10       0x4c F:\eclipse-workspace\CyTracker\Release/arduino.ar(vendor_device.c.o)
 .text.vendord_init
                0x00009a5c       0x3c F:\eclipse-workspace\CyTracker\Release/arduino.ar(vendor_device.c.o)
                0x00009a5c                vendord_init
 .text.vendord_reset
                0x00009a98       0x20 F:\eclipse-workspace\CyTracker\Release/arduino.ar(vendor_device.c.o)
                0x00009a98                vendord_reset
 .text.vendord_open
                0x00009ab8       0x78 F:\eclipse-workspace\CyTracker\Release/arduino.ar(vendor_device.c.o)
                0x00009ab8                vendord_open
 .text.vendord_xfer_cb
                0x00009b30       0x44 F:\eclipse-workspace\CyTracker\Release/arduino.ar(vendor_device.c.o)
                0x00009b30                vendord_xfer_cb
 .text.proc_read10_cmd.constprop.0
                0x00009b74       0xac F:\eclipse-workspace\CyTracker\Release/arduino.ar(msc_device.c.o)
 .text.proc_write10_cmd.constprop.0
                0x00009c20       0x70 F:\eclipse-workspace\CyTracker\Release/arduino.ar(msc_device.c.o)
 .text.mscd_init
                0x00009c90       0x10 F:\eclipse-workspace\CyTracker\Release/arduino.ar(msc_device.c.o)
                0x00009c90                mscd_init
 .text.mscd_reset
                0x00009ca0       0x10 F:\eclipse-workspace\CyTracker\Release/arduino.ar(msc_device.c.o)
                0x00009ca0                mscd_reset
 .text.mscd_open
                0x00009cb0       0x80 F:\eclipse-workspace\CyTracker\Release/arduino.ar(msc_device.c.o)
                0x00009cb0                mscd_open
 .text.mscd_control_request
                0x00009d30       0x5c F:\eclipse-workspace\CyTracker\Release/arduino.ar(msc_device.c.o)
                0x00009d30                mscd_control_request
 .text.mscd_control_complete
                0x00009d8c        0x4 F:\eclipse-workspace\CyTracker\Release/arduino.ar(msc_device.c.o)
                0x00009d8c                mscd_control_complete
 .text.proc_builtin_scsi
                0x00009d90      0x208 F:\eclipse-workspace\CyTracker\Release/arduino.ar(msc_device.c.o)
                0x00009d90                proc_builtin_scsi
 .text.mscd_xfer_cb
                0x00009f98      0x2bc F:\eclipse-workspace\CyTracker\Release/arduino.ar(msc_device.c.o)
                0x00009f98                mscd_xfer_cb
 .text.write_flush
                0x0000a254       0x54 F:\eclipse-workspace\CyTracker\Release/arduino.ar(midi_device.c.o)
 .text.midid_init
                0x0000a2a8       0x3c F:\eclipse-workspace\CyTracker\Release/arduino.ar(midi_device.c.o)
                0x0000a2a8                midid_init
 .text.midid_reset
                0x0000a2e4       0x20 F:\eclipse-workspace\CyTracker\Release/arduino.ar(midi_device.c.o)
                0x0000a2e4                midid_reset
 .text.midid_open
                0x0000a304       0xec F:\eclipse-workspace\CyTracker\Release/arduino.ar(midi_device.c.o)
                0x0000a304                midid_open
 .text.midid_control_complete
                0x0000a3f0        0x4 F:\eclipse-workspace\CyTracker\Release/arduino.ar(midi_device.c.o)
                0x0000a3f0                midid_control_complete
 .text.midid_control_request
                0x0000a3f4        0x4 F:\eclipse-workspace\CyTracker\Release/arduino.ar(midi_device.c.o)
                0x0000a3f4                midid_control_request
 .text.midid_xfer_cb
                0x0000a3f8       0xa0 F:\eclipse-workspace\CyTracker\Release/arduino.ar(midi_device.c.o)
                0x0000a3f8                midid_xfer_cb
 .text.hidd_reset
                0x0000a498       0x10 F:\eclipse-workspace\CyTracker\Release/arduino.ar(hid_device.c.o)
                0x0000a498                hidd_reset
 .text.hidd_init
                0x0000a4a8        0x6 F:\eclipse-workspace\CyTracker\Release/arduino.ar(hid_device.c.o)
                0x0000a4a8                hidd_init
 *fill*         0x0000a4ae        0x2 
 .text.hidd_open
                0x0000a4b0       0xbc F:\eclipse-workspace\CyTracker\Release/arduino.ar(hid_device.c.o)
                0x0000a4b0                hidd_open
 .text.hidd_control_request
                0x0000a56c      0x140 F:\eclipse-workspace\CyTracker\Release/arduino.ar(hid_device.c.o)
                0x0000a56c                hidd_control_request
 .text.hidd_control_complete
                0x0000a6ac       0x48 F:\eclipse-workspace\CyTracker\Release/arduino.ar(hid_device.c.o)
                0x0000a6ac                hidd_control_complete
 .text.hidd_xfer_cb
                0x0000a6f4       0x44 F:\eclipse-workspace\CyTracker\Release/arduino.ar(hid_device.c.o)
                0x0000a6f4                hidd_xfer_cb
 .text._prep_out_transaction
                0x0000a738       0x44 F:\eclipse-workspace\CyTracker\Release/arduino.ar(cdc_device.c.o)
 .text.tud_cdc_n_connected
                0x0000a77c       0x2c F:\eclipse-workspace\CyTracker\Release/arduino.ar(cdc_device.c.o)
                0x0000a77c                tud_cdc_n_connected
 .text.tud_cdc_n_get_line_coding
                0x0000a7a8       0x20 F:\eclipse-workspace\CyTracker\Release/arduino.ar(cdc_device.c.o)
                0x0000a7a8                tud_cdc_n_get_line_coding
 .text.tud_cdc_n_available
                0x0000a7c8       0x14 F:\eclipse-workspace\CyTracker\Release/arduino.ar(cdc_device.c.o)
                0x0000a7c8                tud_cdc_n_available
 .text.tud_cdc_n_read
                0x0000a7dc       0x28 F:\eclipse-workspace\CyTracker\Release/arduino.ar(cdc_device.c.o)
                0x0000a7dc                tud_cdc_n_read
 .text.tud_cdc_n_peek
                0x0000a804       0x1c F:\eclipse-workspace\CyTracker\Release/arduino.ar(cdc_device.c.o)
                0x0000a804                tud_cdc_n_peek
 .text.tud_cdc_n_write
                0x0000a820       0x1c F:\eclipse-workspace\CyTracker\Release/arduino.ar(cdc_device.c.o)
                0x0000a820                tud_cdc_n_write
 .text.tud_cdc_n_write_flush
                0x0000a83c       0x88 F:\eclipse-workspace\CyTracker\Release/arduino.ar(cdc_device.c.o)
                0x0000a83c                tud_cdc_n_write_flush
 .text.tud_cdc_n_write_available
                0x0000a8c4       0x18 F:\eclipse-workspace\CyTracker\Release/arduino.ar(cdc_device.c.o)
                0x0000a8c4                tud_cdc_n_write_available
 .text.cdcd_init
                0x0000a8dc       0x54 F:\eclipse-workspace\CyTracker\Release/arduino.ar(cdc_device.c.o)
                0x0000a8dc                cdcd_init
 .text.cdcd_reset
                0x0000a930       0x24 F:\eclipse-workspace\CyTracker\Release/arduino.ar(cdc_device.c.o)
                0x0000a930                cdcd_reset
 .text.cdcd_open
                0x0000a954       0xac F:\eclipse-workspace\CyTracker\Release/arduino.ar(cdc_device.c.o)
                0x0000a954                cdcd_open
 .text.cdcd_control_complete
                0x0000aa00       0x38 F:\eclipse-workspace\CyTracker\Release/arduino.ar(cdc_device.c.o)
                0x0000aa00                cdcd_control_complete
 .text.cdcd_control_request
                0x0000aa38       0x58 F:\eclipse-workspace\CyTracker\Release/arduino.ar(cdc_device.c.o)
                0x0000aa38                cdcd_control_request
 .text.cdcd_xfer_cb
                0x0000aa90       0xe4 F:\eclipse-workspace\CyTracker\Release/arduino.ar(cdc_device.c.o)
                0x0000aa90                cdcd_xfer_cb
 .text.tusb_init
                0x0000ab74       0x2c F:\eclipse-workspace\CyTracker\Release/arduino.ar(tusb.c.o)
                0x0000ab74                tusb_init